Archive member included because of file (symbol)

/usr/local/CrossPack-AVR-20100115/lib/gcc/avr/4.3.3/../../../../avr/lib/avr51/libc.a(malloc.o)
                              ./libraries/zigduino/new.o (malloc)
/usr/local/CrossPack-AVR-20100115/lib/gcc/avr/4.3.3/../../../../avr/lib/avr51/libc.a(random.o)
                              ./libraries/zigduino/WMath.o (random)
/usr/local/CrossPack-AVR-20100115/lib/gcc/avr/4.3.3/../../../../avr/lib/avr51/libc.a(realloc.o)
                              ./libraries/zigduino/WString.o (realloc)
/usr/local/CrossPack-AVR-20100115/lib/gcc/avr/4.3.3/../../../../avr/lib/avr51/libc.a(atol.o)
                              ./libraries/zigduino/WString.o (atol)
/usr/local/CrossPack-AVR-20100115/lib/gcc/avr/4.3.3/../../../../avr/lib/avr51/libc.a(exit.o)
                              /usr/local/CrossPack-AVR-20100115/lib/gcc/avr/4.3.3/../../../../avr/lib/avr51/crtm128rfa1.o (exit)
/usr/local/CrossPack-AVR-20100115/lib/gcc/avr/4.3.3/../../../../avr/lib/avr51/libc.a(isspace.o)
                              ./libraries/zigduino/WString.o (isspace)
/usr/local/CrossPack-AVR-20100115/lib/gcc/avr/4.3.3/../../../../avr/lib/avr51/libc.a(tolower.o)
                              ./libraries/zigduino/WString.o (tolower)
/usr/local/CrossPack-AVR-20100115/lib/gcc/avr/4.3.3/../../../../avr/lib/avr51/libc.a(toupper.o)
                              ./libraries/zigduino/WString.o (toupper)
/usr/local/CrossPack-AVR-20100115/lib/gcc/avr/4.3.3/../../../../avr/lib/avr51/libc.a(memcpy_P.o)
                              ./libraries/ZigduinoRadio/trx_datarate_str.o (memcpy_P)
/usr/local/CrossPack-AVR-20100115/lib/gcc/avr/4.3.3/../../../../avr/lib/avr51/libc.a(strncpy_P.o)
                              ./libraries/ZigduinoRadio/trx_datarate_str.o (strncpy_P)
/usr/local/CrossPack-AVR-20100115/lib/gcc/avr/4.3.3/../../../../avr/lib/avr51/libc.a(memcmp.o)
                              ./libraries/zigduino/IPAddress.o (memcmp)
/usr/local/CrossPack-AVR-20100115/lib/gcc/avr/4.3.3/../../../../avr/lib/avr51/libc.a(memcpy.o)
                              ./libraries/zigduino/WString.o (memcpy)
/usr/local/CrossPack-AVR-20100115/lib/gcc/avr/4.3.3/../../../../avr/lib/avr51/libc.a(memmove.o)
                              ./libraries/zigduino/WString.o (memmove)
/usr/local/CrossPack-AVR-20100115/lib/gcc/avr/4.3.3/../../../../avr/lib/avr51/libc.a(strchr.o)
                              ./libraries/zigduino/WString.o (strchr)
/usr/local/CrossPack-AVR-20100115/lib/gcc/avr/4.3.3/../../../../avr/lib/avr51/libc.a(strcmp.o)
                              ./libraries/zigduino/WString.o (strcmp)
/usr/local/CrossPack-AVR-20100115/lib/gcc/avr/4.3.3/../../../../avr/lib/avr51/libc.a(strcpy.o)
                              ./libraries/zigduino/WString.o (strcpy)
/usr/local/CrossPack-AVR-20100115/lib/gcc/avr/4.3.3/../../../../avr/lib/avr51/libc.a(strncmp.o)
                              ./libraries/zigduino/WString.o (strncmp)
/usr/local/CrossPack-AVR-20100115/lib/gcc/avr/4.3.3/../../../../avr/lib/avr51/libc.a(strncpy.o)
                              ./libraries/zigduino/WString.o (strncpy)
/usr/local/CrossPack-AVR-20100115/lib/gcc/avr/4.3.3/../../../../avr/lib/avr51/libc.a(strrchr.o)
                              ./libraries/zigduino/WString.o (strrchr)
/usr/local/CrossPack-AVR-20100115/lib/gcc/avr/4.3.3/../../../../avr/lib/avr51/libc.a(strstr.o)
                              ./libraries/zigduino/WString.o (strstr)
/usr/local/CrossPack-AVR-20100115/lib/gcc/avr/4.3.3/../../../../avr/lib/avr51/libc.a(itoa.o)
                              ./libraries/zigduino/WString.o (itoa)
/usr/local/CrossPack-AVR-20100115/lib/gcc/avr/4.3.3/../../../../avr/lib/avr51/libc.a(ltoa.o)
                              ./libraries/zigduino/WString.o (ltoa)
/usr/local/CrossPack-AVR-20100115/lib/gcc/avr/4.3.3/../../../../avr/lib/avr51/libc.a(mulsi10.o)
                              /usr/local/CrossPack-AVR-20100115/lib/gcc/avr/4.3.3/../../../../avr/lib/avr51/libc.a(atol.o) (__mulsi_const_10)
/usr/local/CrossPack-AVR-20100115/lib/gcc/avr/4.3.3/../../../../avr/lib/avr51/libc.a(ultoa.o)
                              ./libraries/zigduino/WString.o (ultoa)
/usr/local/CrossPack-AVR-20100115/lib/gcc/avr/4.3.3/../../../../avr/lib/avr51/libc.a(utoa.o)
                              ./libraries/zigduino/WString.o (utoa)
/usr/local/CrossPack-AVR-20100115/lib/gcc/avr/4.3.3/../../../../avr/lib/avr51/libc.a(addsf3.o)
                              ./libraries/zigduino/Print.o (__subsf3)
/usr/local/CrossPack-AVR-20100115/lib/gcc/avr/4.3.3/../../../../avr/lib/avr51/libc.a(addsf3x.o)
                              /usr/local/CrossPack-AVR-20100115/lib/gcc/avr/4.3.3/../../../../avr/lib/avr51/libc.a(addsf3.o) (__addsf3x)
/usr/local/CrossPack-AVR-20100115/lib/gcc/avr/4.3.3/../../../../avr/lib/avr51/libc.a(cmpsf2.o)
                              ./libraries/Comp6DOF/Comp6DOF_n0m1.o (__eqsf2)
[...]
Memory Configuration

Name             Origin             Length             Attributes
text             0x00000000         0x00020000         xr
data             0x00800060         0x0000ffa0         rw !x
eeprom           0x00810000         0x00010000         rw !x
fuse             0x00820000         0x00000400         rw !x
lock             0x00830000         0x00000400         rw !x
signature        0x00840000         0x00000400         rw !x
*default*        0x00000000         0xffffffff

Linker script and memory map

Address of section .data set to 0x800200
LOAD /usr/local/CrossPack-AVR-20100115/lib/gcc/avr/4.3.3/../../../../avr/lib/avr51/crtm128rfa1.o
LOAD ./libraries/zigduino/CDC.o
LOAD ./libraries/zigduino/HID.o
LOAD ./libraries/zigduino/HardwareSerial.o
LOAD ./libraries/zigduino/IPAddress.o
LOAD ./libraries/zigduino/Print.o
LOAD ./libraries/zigduino/Stream.o
LOAD ./libraries/zigduino/Tone.o
LOAD ./libraries/zigduino/USBCore.o
LOAD ./libraries/zigduino/WInterrupts.o
LOAD ./libraries/zigduino/WMath.o
LOAD ./libraries/zigduino/WString.o
LOAD ./libraries/zigduino/new.o
LOAD ./libraries/zigduino/wiring.o
LOAD ./libraries/zigduino/wiring_analog.o
LOAD ./libraries/zigduino/wiring_digital.o
LOAD ./libraries/zigduino/wiring_pulse.o
LOAD ./libraries/zigduino/wiring_shift.o
LOAD ./libraries/ZigduinoRadio/ZigduinoRadio.o
LOAD ./libraries/ZigduinoRadio/ZigduinoRadioEvents.o
LOAD ./libraries/ZigduinoRadio/ZigduinoRadioInC.o
LOAD ./libraries/ZigduinoRadio/radio_rfa.o
LOAD ./libraries/ZigduinoRadio/trx_datarate.o
LOAD ./libraries/ZigduinoRadio/trx_datarate_str.o
LOAD ./libraries/ZigduinoRadio/trx_rfa.o
LOAD ./libraries/Wire/utility/twi.o
LOAD ./libraries/Wire/Wire.o
LOAD ./libraries/Timers/TimerOne.o
LOAD ./libraries/Timers/TimerThree.o
LOAD ./libraries/SoftwareSerial/SoftwareSerial.o
LOAD ./libraries/SPI/SPI.o
LOAD ./libraries/Misc/RemoteCmd.o
LOAD ./libraries/MaxBotix/MaxBotix.o
LOAD ./libraries/MPU6050/MPU6050.o
LOAD ./libraries/LowPassFilter/LowPassFilter.o
LOAD ./libraries/I2Cdev/I2Cdev.o
LOAD ./libraries/HMC5883L/HMC5883L.o
LOAD ./libraries/FlightControl/FlightControl.o
LOAD ./libraries/FlightControl/PID.o
LOAD ./libraries/Comp6DOF/Comp6DOF_n0m1.o
LOAD ./main.o
LOAD /usr/local/CrossPack-AVR-20100115/lib/gcc/avr/4.3.3/../../../../avr/lib/avr51/libc.a
LOAD /usr/local/CrossPack-AVR-20100115/lib/gcc/avr/4.3.3/../../../../avr/lib/avr51/libm.a
LOAD /usr/local/CrossPack-AVR-20100115/lib/gcc/avr/4.3.3/../../../../avr/lib/avr51/libprintf_flt.a
LOAD /usr/local/CrossPack-AVR-20100115/lib/gcc/avr/4.3.3/../../../../avr/lib/avr51/libscanf_flt.a
LOAD /usr/local/CrossPack-AVR-20100115/lib/gcc/avr/4.3.3/../../../../avr/lib/avr51/libm.a
LOAD /usr/local/CrossPack-AVR-20100115/lib/gcc/avr/4.3.3/avr51/libgcc.a
LOAD /usr/local/CrossPack-AVR-20100115/lib/gcc/avr/4.3.3/../../../../avr/lib/avr51/libc.a
LOAD /usr/local/CrossPack-AVR-20100115/lib/gcc/avr/4.3.3/avr51/libgcc.a

.hash
 *(.hash)

.dynsym
 *(.dynsym)

.dynstr
 *(.dynstr)

.gnu.version
 *(.gnu.version)

.gnu.version_d
 *(.gnu.version_d)

.gnu.version_r
 *(.gnu.version_r)

.rel.init
 *(.rel.init)

.rela.init
 *(.rela.init)

.rel.text
 *(.rel.text)
 *(.rel.text.*)
 *(.rel.gnu.linkonce.t*)

.rela.text
 *(.rela.text)
 *(.rela.text.*)
 *(.rela.gnu.linkonce.t*)

.rel.fini
 *(.rel.fini)

.rela.fini
 *(.rela.fini)

.rel.rodata
 *(.rel.rodata)
 *(.rel.rodata.*)
 *(.rel.gnu.linkonce.r*)

.rela.rodata
 *(.rela.rodata)
 *(.rela.rodata.*)
 *(.rela.gnu.linkonce.r*)

.rel.data
 *(.rel.data)
 *(.rel.data.*)
 *(.rel.gnu.linkonce.d*)

.rela.data
 *(.rela.data)
 *(.rela.data.*)
 *(.rela.gnu.linkonce.d*)

.rel.ctors
 *(.rel.ctors)

.rela.ctors
 *(.rela.ctors)

.rel.dtors
 *(.rel.dtors)

.rela.dtors
 *(.rela.dtors)

.rel.got
 *(.rel.got)

.rela.got
 *(.rela.got)

.rel.bss
 *(.rel.bss)

.rela.bss
 *(.rela.bss)

.rel.plt
 *(.rel.plt)

.rela.plt
 *(.rela.plt)

.text           0x00000000     0x28da
 *(.vectors)
 .vectors       0x00000000      0x120 /usr/local/CrossPack-AVR-20100115/lib/gcc/avr/4.3.3/../../../../avr/lib/avr51/crtm128rfa1.o
                0x00000000                __vectors
                0x00000000                __vector_default
 *(.vectors)
 *(.progmem.gcc*)
 *(.progmem*)
 .progmem.data  0x00000120        0x6 ./libraries/zigduino/Tone.o
 .progmem.data  0x00000126       0x15 ./libraries/ZigduinoRadio/radio_rfa.o
 .progmem.data  0x0000013b       0x9b ./main.o
                0x0000013b                port_to_mode_PGM
                0x00000189                digital_pin_to_port_PGM
                0x000001a2                digital_pin_to_bit_mask_PGM
                0x00000155                port_to_output_PGM
                0x0000016f                port_to_input_PGM
                0x000001bb                digital_pin_to_timer_PGM
                0x000001d6                . = ALIGN (0x2)
                0x000001d6                __trampolines_start = .
 *(.trampolines)
 .trampolines   0x000001d6        0x0 linker stubs
 *(.trampolines*)
                0x000001d6                __trampolines_end = .
 *(.jumptables)
 *(.jumptables*)
 *(.lowtext)
 *(.lowtext*)
                0x000001d6                __ctors_start = .
 *(.ctors)
 .ctors         0x000001d6        0x2 ./libraries/zigduino/HardwareSerial.o
 .ctors         0x000001d8        0x2 ./libraries/zigduino/IPAddress.o
 .ctors         0x000001da        0x2 ./libraries/ZigduinoRadio/ZigduinoRadio.o
 .ctors         0x000001dc        0x2 ./libraries/Wire/Wire.o
 .ctors         0x000001de        0x2 ./libraries/MaxBotix/MaxBotix.o
 .ctors         0x000001e0        0x2 ./libraries/MPU6050/MPU6050.o
 .ctors         0x000001e2        0x2 ./libraries/HMC5883L/HMC5883L.o
 .ctors         0x000001e4        0x2 ./libraries/FlightControl/FlightControl.o
                0x000001e6                __ctors_end = .
                0x000001e6                __dtors_start = .
 *(.dtors)
 .dtors         0x000001e6        0x2 ./libraries/MaxBotix/MaxBotix.o
 .dtors         0x000001e8        0x2 ./libraries/FlightControl/FlightControl.o
                0x000001ea                __dtors_end = .
 SORT(*)(.ctors)
 SORT(*)(.dtors)
 *(.init0)
 .init0         0x000001ea        0x0 /usr/local/CrossPack-AVR-20100115/lib/gcc/avr/4.3.3/../../../../avr/lib/avr51/crtm128rfa1.o
                0x000001ea                __init
 *(.init0)
 *(.init1)
 *(.init1)
 *(.init2)
 .init2         0x000001ea        0xc /usr/local/CrossPack-AVR-20100115/lib/gcc/avr/4.3.3/../../../../avr/lib/avr51/crtm128rfa1.o
 *(.init2)
 *(.init3)
 *(.init3)
 *(.init4)
 .init4         0x000001f6       0x1a /usr/local/CrossPack-AVR-20100115/lib/gcc/avr/4.3.3/../../../../avr/lib/avr51/crtm128rfa1.o
                0x000001f6                __do_copy_data
 .init4         0x00000210       0x10 /usr/local/CrossPack-AVR-20100115/lib/gcc/avr/4.3.3/avr51/libgcc.a(_clear_bss.o)
                0x00000210                __do_clear_bss
 *(.init4)
 *(.init5)
 *(.init5)
 *(.init6)
 .init6         0x00000220       0x16 /usr/local/CrossPack-AVR-20100115/lib/gcc/avr/4.3.3/avr51/libgcc.a(_ctors.o)
                0x00000220                __do_global_ctors
 *(.init6)
 *(.init7)
 *(.init7)
 *(.init8)
 *(.init8)
 *(.init9)
 .init9         0x00000236        0x8 /usr/local/CrossPack-AVR-20100115/lib/gcc/avr/4.3.3/../../../../avr/lib/avr51/crtm128rfa1.o
 *(.init9)
 *(.text)
 .text          0x0000023e        0x4 /usr/local/CrossPack-AVR-20100115/lib/gcc/avr/4.3.3/../../../../avr/lib/avr51/crtm128rfa1.o
                0x0000023e                __vector_38
                0x0000023e                __vector_22
                0x0000023e                __vector_28
                0x0000023e                __vector_67
                0x0000023e                __vector_32
                0x0000023e                __vector_71
                0x0000023e                __vector_34
                0x0000023e                __vector_62
                0x0000023e                __vector_24
                0x0000023e                __vector_12
                0x0000023e                __vector_55
                0x0000023e                __vector_69
                0x0000023e                __vector_46
                0x0000023e                __bad_interrupt
                0x0000023e                __vector_31
                0x0000023e                __vector_3
                0x0000023e                __vector_68
                0x0000023e                __vector_30
                0x0000023e                __vector_45
                0x0000023e                __vector_61
                0x0000023e                __vector_54
                0x0000023e                __vector_17
                0x0000023e                __vector_19
                0x0000023e                __vector_56
                0x0000023e                __vector_49
                0x0000023e                __vector_41
                0x0000023e                __vector_64
                0x0000023e                __vector_43
                0x0000023e                __vector_27
                0x0000023e                __vector_33
                0x0000023e                __vector_47
                0x0000023e                __vector_52
                0x0000023e                __vector_4
                0x0000023e                __vector_44
                0x0000023e                __vector_51
                0x0000023e                __vector_21
                0x0000023e                __vector_15
                0x0000023e                __vector_66
                0x0000023e                __vector_58
                0x0000023e                __vector_70
                0x0000023e                __vector_29
                0x0000023e                __vector_40
                0x0000023e                __vector_48
                0x0000023e                __vector_14
                0x0000023e                __vector_57
                0x0000023e                __vector_53
                0x0000023e                __vector_50
                0x0000023e                __vector_16
                0x0000023e                __vector_18
                0x0000023e                __vector_42
                0x0000023e                __vector_65
                0x00000242                . = ALIGN (0x2)
 *(.text.*)
 .text._Z11serialEventv
                0x00000242        0x2 ./libraries/zigduino/HardwareSerial.o
                0x00000242                serialEvent()
 .text.__vector_25
                0x00000244       0x70 ./libraries/zigduino/HardwareSerial.o
                0x00000244                __vector_25
 .text._Z12serialEvent1v
                0x000002b4        0x2 ./libraries/zigduino/HardwareSerial.o
                0x000002b4                serialEvent1()
 .text.__vector_36
                0x000002b6       0x70 ./libraries/zigduino/HardwareSerial.o
                0x000002b6                __vector_36
 .text._Z14serialEventRunv
                0x00000326       0x4a ./libraries/zigduino/HardwareSerial.o
                0x00000326                serialEventRun()
 .text.__vector_26
                0x00000370       0x9a ./libraries/zigduino/HardwareSerial.o
                0x00000370                __vector_26
 .text.__vector_37
                0x0000040a       0x9a ./libraries/zigduino/HardwareSerial.o
                0x0000040a                __vector_37
 .text._ZN14HardwareSerial5beginEm
                0x000004a4      0x10c ./libraries/zigduino/HardwareSerial.o
                0x000004a4                HardwareSerial::begin(unsigned long)
 .text._ZN14HardwareSerial9availableEv
                0x000005b0       0x22 ./libraries/zigduino/HardwareSerial.o
                0x000005b0                HardwareSerial::available()
 .text._ZN14HardwareSerial4peekEv
                0x000005d2       0x40 ./libraries/zigduino/HardwareSerial.o
                0x000005d2                HardwareSerial::peek()
 .text._ZN14HardwareSerial4readEv
                0x00000612       0x52 ./libraries/zigduino/HardwareSerial.o
                0x00000612                HardwareSerial::read()
 .text._ZN14HardwareSerial5flushEv
                0x00000664       0x24 ./libraries/zigduino/HardwareSerial.o
                0x00000664                HardwareSerial::flush()
 .text._ZN14HardwareSerial5writeEh
                0x00000688       0x78 ./libraries/zigduino/HardwareSerial.o
                0x00000688                HardwareSerial::write(unsigned char)
 .text._GLOBAL__I_rx_buffer
                0x00000700      0x12c ./libraries/zigduino/HardwareSerial.o
 .text._GLOBAL__I__ZN9IPAddressC2Ev
                0x0000082c       0x1e ./libraries/zigduino/IPAddress.o
 .text._ZNK9IPAddress7printToER5Print
                0x0000084a       0x84 ./libraries/zigduino/IPAddress.o
                0x0000084a                IPAddress::printTo(Print&) const
 .text._ZN5Print5writeEPKhj
                0x000008ce       0x54 ./libraries/zigduino/Print.o
                0x000008ce                Print::write(unsigned char const*, unsigned int)
 .text._ZN5Print5printEc
                0x00000922       0x10 ./libraries/zigduino/Print.o
                0x00000922                Print::print(char)
 .text._ZN5Print7printlnEv
                0x00000932       0x40 ./libraries/zigduino/Print.o
                0x00000932                Print::println()
 .text._ZN5Print5writeEPKc
                0x00000972       0x28 ./libraries/zigduino/Print.o
                0x00000972                Print::write(char const*)
 .text._ZN5Print11printNumberEmh
                0x0000099a       0xc8 ./libraries/zigduino/Print.o
                0x0000099a                Print::printNumber(unsigned long, unsigned char)
 .text._ZN5Print5printEmi
                0x00000a62       0x1e ./libraries/zigduino/Print.o
                0x00000a62                Print::print(unsigned long, int)
 .text._ZN5Print5printEhi
                0x00000a80       0x24 ./libraries/zigduino/Print.o
                0x00000a80                Print::print(unsigned char, int)
 .text._ZN5Print5printEPKc
                0x00000aa4        0x6 ./libraries/zigduino/Print.o
                0x00000aa4                Print::print(char const*)
 .text._Z12disableTimerh
                0x00000aaa       0x66 ./libraries/zigduino/Tone.o
                0x00000aaa                disableTimer(unsigned char)
 .text._Z6noToneh
                0x00000b10       0x3c ./libraries/zigduino/Tone.o
                0x00000b10                noTone(unsigned char)
 .text.__vector_13
                0x00000b4c       0xc0 ./libraries/zigduino/Tone.o
                0x00000b4c                __vector_13
 .text.__vector_7
                0x00000c0c       0x62 ./libraries/zigduino/WInterrupts.o
                0x00000c0c                __vector_7
 .text.__vector_6
                0x00000c6e       0x62 ./libraries/zigduino/WInterrupts.o
                0x00000c6e                __vector_6
 .text.__vector_5
                0x00000cd0       0x62 ./libraries/zigduino/WInterrupts.o
                0x00000cd0                __vector_5
 .text.__vector_8
                0x00000d32       0x62 ./libraries/zigduino/WInterrupts.o
                0x00000d32                __vector_8
 .text.__vector_1
                0x00000d94       0x62 ./libraries/zigduino/WInterrupts.o
                0x00000d94                __vector_1
 .text.__vector_2
                0x00000df6       0x62 ./libraries/zigduino/WInterrupts.o
                0x00000df6                __vector_2
 .text._ZdaPv   0x00000e58        0xa ./libraries/zigduino/new.o
                0x00000e58                operator delete[](void*)
 .text._ZdlPv   0x00000e62        0x6 ./libraries/zigduino/new.o
                0x00000e62                operator delete(void*)
 .text._Znaj    0x00000e68        0x6 ./libraries/zigduino/new.o
                0x00000e68                operator new[](unsigned int)
 .text.__vector_23
                0x00000e6e       0x90 ./libraries/zigduino/wiring.o
                0x00000e6e                __vector_23
 .text.micros   0x00000efe       0x4c ./libraries/zigduino/wiring.o
                0x00000efe                micros
 .text.delay    0x00000f4a       0x4c ./libraries/zigduino/wiring.o
                0x00000f4a                delay
 .text.init     0x00000f96       0xce ./libraries/zigduino/wiring.o
                0x00000f96                init
 .text.pinMode  0x00001064       0x4c ./libraries/zigduino/wiring_digital.o
                0x00001064                pinMode
 .text.turnOffPWM
                0x000010b0       0xfc ./libraries/zigduino/wiring_digital.o
 .text.digitalWrite
                0x000011ac       0x66 ./libraries/zigduino/wiring_digital.o
                0x000011ac                digitalWrite
 .text._ZN14cZigduinoRadio11attachErrorEPFv13radio_error_tE
                0x00001212        0xa ./libraries/ZigduinoRadio/ZigduinoRadio.o
                0x00001212                cZigduinoRadio::attachError(void (*)(radio_error_t))
 .text._ZN14cZigduinoRadio12attachTxDoneEPFv15radio_tx_done_tE
                0x0000121c       0x18 ./libraries/ZigduinoRadio/ZigduinoRadio.o
                0x0000121c                cZigduinoRadio::attachTxDone(void (*)(radio_tx_done_t))
 .text._ZN14cZigduinoRadio14onReceiveFrameEhPhhh
                0x00001234       0xb8 ./libraries/ZigduinoRadio/ZigduinoRadio.o
                0x00001234                cZigduinoRadio::onReceiveFrame(unsigned char, unsigned char*, unsigned char, unsigned char)
 .text._ZN14cZigduinoRadio4readEv
                0x000012ec       0x2e ./libraries/ZigduinoRadio/ZigduinoRadio.o
                0x000012ec                cZigduinoRadio::read()
 .text._ZN14cZigduinoRadio9availableEv
                0x0000131a       0x1c ./libraries/ZigduinoRadio/ZigduinoRadio.o
                0x0000131a                cZigduinoRadio::available()
 .text._ZN14cZigduinoRadio17beginTransmissionEv
                0x00001336        0xe ./libraries/ZigduinoRadio/ZigduinoRadio.o
                0x00001336                cZigduinoRadio::beginTransmission()
 .text._ZN14cZigduinoRadio8onTxDoneE15radio_tx_done_t
                0x00001344       0x1c ./libraries/ZigduinoRadio/ZigduinoRadio.o
                0x00001344                cZigduinoRadio::onTxDone(radio_tx_done_t)
 .text._ZN14cZigduinoRadio11getLastRssiEv
                0x00001360       0x34 ./libraries/ZigduinoRadio/ZigduinoRadio.o
                0x00001360                cZigduinoRadio::getLastRssi()
 .text._ZN14cZigduinoRadio15endTransmissionEv
                0x00001394       0x8c ./libraries/ZigduinoRadio/ZigduinoRadio.o
                0x00001394                cZigduinoRadio::endTransmission()
 .text._ZN14cZigduinoRadio5writeEh
                0x00001420       0xc2 ./libraries/ZigduinoRadio/ZigduinoRadio.o
                0x00001420                cZigduinoRadio::write(unsigned char)
 .text._ZN14cZigduinoRadio5writeEPhh
                0x000014e2       0x32 ./libraries/ZigduinoRadio/ZigduinoRadio.o
                0x000014e2                cZigduinoRadio::write(unsigned char*, unsigned char)
 .text._ZN14cZigduinoRadio5beginEaPh
                0x00001514       0x82 ./libraries/ZigduinoRadio/ZigduinoRadio.o
                0x00001514                cZigduinoRadio::begin(signed char, unsigned char*)
 .text._ZN14cZigduinoRadio5beginEaaPh
                0x00001596       0x1a ./libraries/ZigduinoRadio/ZigduinoRadio.o
                0x00001596                cZigduinoRadio::begin(signed char, signed char, unsigned char*)
 .text._ZN14cZigduinoRadioC1Ev
                0x000015b0       0x22 ./libraries/ZigduinoRadio/ZigduinoRadio.o
                0x000015b0                cZigduinoRadio::cZigduinoRadio()
 .text._GLOBAL__I__ZN14cZigduinoRadio13rxFrameBufferE
                0x000015d2        0xa ./libraries/ZigduinoRadio/ZigduinoRadio.o
 .text.usr_radio_error
                0x000015dc       0x10 ./libraries/ZigduinoRadio/ZigduinoRadioEvents.o
                0x000015dc                usr_radio_error
 .text.usr_radio_receive_frame
                0x000015ec       0x14 ./libraries/ZigduinoRadio/ZigduinoRadioEvents.o
                0x000015ec                usr_radio_receive_frame
 .text.usr_radio_tx_done
                0x00001600       0x10 ./libraries/ZigduinoRadio/ZigduinoRadioEvents.o
                0x00001600                usr_radio_tx_done
 .text.zr_attach_receive_frame
                0x00001610        0xa ./libraries/ZigduinoRadio/ZigduinoRadioEvents.o
                0x00001610                zr_attach_receive_frame
 .text.zr_attach_tx_done
                0x0000161a        0xa ./libraries/ZigduinoRadio/ZigduinoRadioEvents.o
                0x0000161a                zr_attach_tx_done
 .text.__vector_59
                0x00001624       0x58 ./libraries/ZigduinoRadio/radio_rfa.o
                0x00001624                __vector_59
 .text.radio_send_frame
                0x0000167c       0x16 ./libraries/ZigduinoRadio/radio_rfa.o
                0x0000167c                radio_send_frame
 .text.radio_receive_frame
                0x00001692       0x58 ./libraries/ZigduinoRadio/radio_rfa.o
                0x00001692                radio_receive_frame
 .text.__vector_60
                0x000016ea       0x52 ./libraries/ZigduinoRadio/radio_rfa.o
                0x000016ea                __vector_60
 .text.radio_set_state
                0x0000173c       0xf4 ./libraries/ZigduinoRadio/radio_rfa.o
                0x0000173c                radio_set_state
 .text.__vector_63
                0x00001830       0x94 ./libraries/ZigduinoRadio/radio_rfa.o
                0x00001830                __vector_63
 .text.radio_set_param
                0x000018c4       0xf0 ./libraries/ZigduinoRadio/radio_rfa.o
                0x000018c4                radio_set_param
 .text.radio_init
                0x000019b4       0x86 ./libraries/ZigduinoRadio/radio_rfa.o
                0x000019b4                radio_init
 .text.trx_set_datarate
                0x00001a3a        0x8 ./libraries/ZigduinoRadio/trx_datarate.o
                0x00001a3a                trx_set_datarate
 .text.trx_reg_write
                0x00001a42        0xc ./libraries/ZigduinoRadio/trx_rfa.o
                0x00001a42                trx_reg_write
 .text.trx_reg_read
                0x00001a4e        0xc ./libraries/ZigduinoRadio/trx_rfa.o
                0x00001a4e                trx_reg_read
 .text.trx_bit_read
                0x00001a5a       0x1a ./libraries/ZigduinoRadio/trx_rfa.o
                0x00001a5a                trx_bit_read
 .text.trx_bit_write
                0x00001a74       0x24 ./libraries/ZigduinoRadio/trx_rfa.o
                0x00001a74                trx_bit_write
 .text.trx_frame_read
                0x00001a98       0x3e ./libraries/ZigduinoRadio/trx_rfa.o
                0x00001a98                trx_frame_read
 .text.trx_frame_write
                0x00001ad6       0x16 ./libraries/ZigduinoRadio/trx_rfa.o
                0x00001ad6                trx_frame_write
 .text.twi_transmit
                0x00001aec       0x36 ./libraries/Wire/utility/twi.o
                0x00001aec                twi_transmit
 .text.__vector_39
                0x00001b22      0x2fe ./libraries/Wire/utility/twi.o
                0x00001b22                __vector_39
 .text.twi_init
                0x00001e20       0x32 ./libraries/Wire/utility/twi.o
                0x00001e20                twi_init
 .text._ZN7TwoWire9availableEv
                0x00001e52       0x12 ./libraries/Wire/Wire.o
                0x00001e52                TwoWire::available()
 .text._ZN7TwoWire4readEv
                0x00001e64       0x2a ./libraries/Wire/Wire.o
                0x00001e64                TwoWire::read()
 .text._ZN7TwoWire4peekEv
                0x00001e8e       0x22 ./libraries/Wire/Wire.o
                0x00001e8e                TwoWire::peek()
 .text._ZN7TwoWire5flushEv
                0x00001eb0        0x2 ./libraries/Wire/Wire.o
                0x00001eb0                TwoWire::flush()
 .text._GLOBAL__I__ZN7TwoWire8rxBufferE
                0x00001eb2       0x2e ./libraries/Wire/Wire.o
 .text._ZN7TwoWire5writeEPKhj
                0x00001ee0       0x62 ./libraries/Wire/Wire.o
                0x00001ee0                TwoWire::write(unsigned char const*, unsigned int)
 .text._ZN7TwoWire5writeEh
                0x00001f42       0x60 ./libraries/Wire/Wire.o
                0x00001f42                TwoWire::write(unsigned char)
 .text._ZN7TwoWire5beginEv
                0x00001fa2       0x16 ./libraries/Wire/Wire.o
                0x00001fa2                TwoWire::begin()
 .text.__vector_20
                0x00001fb8       0x56 ./libraries/Timers/TimerOne.o
                0x00001fb8                __vector_20
 .text.__vector_35
                0x0000200e       0x56 ./libraries/Timers/TimerThree.o
                0x0000200e                __vector_35
 .text._ZN14SoftwareSerial4recvEv
                0x00002064       0xd4 ./libraries/SoftwareSerial/SoftwareSerial.o
                0x00002064                SoftwareSerial::recv()
 .text._ZN14SoftwareSerial16handle_interruptEv
                0x00002138       0x12 ./libraries/SoftwareSerial/SoftwareSerial.o
                0x00002138                SoftwareSerial::handle_interrupt()
 .text.__vector_9
                0x0000214a       0x50 ./libraries/SoftwareSerial/SoftwareSerial.o
                0x0000214a                __vector_9
 .text.__vector_10
                0x0000219a       0x50 ./libraries/SoftwareSerial/SoftwareSerial.o
                0x0000219a                __vector_10
 .text.__vector_11
                0x000021ea       0x50 ./libraries/SoftwareSerial/SoftwareSerial.o
                0x000021ea                __vector_11
 .text._ZN8MaxBotixD1Ev
                0x0000223a        0xc ./libraries/MaxBotix/MaxBotix.o
                0x0000223a                MaxBotix::~MaxBotix()
 .text._ZN8MaxBotixD0Ev
                0x00002246       0x12 ./libraries/MaxBotix/MaxBotix.o
                0x00002246                MaxBotix::~MaxBotix()
 .text._ZN8MaxBotixC1Ev
                0x00002258       0x1c ./libraries/MaxBotix/MaxBotix.o
                0x00002258                MaxBotix::MaxBotix()
 .text._Z41__static_initialization_and_destruction_0ii
                0x00002274       0x2e ./libraries/MaxBotix/MaxBotix.o
 .text._GLOBAL__D_AltSensor
                0x000022a2        0xe ./libraries/MaxBotix/MaxBotix.o
 .text._GLOBAL__I_AltSensor
                0x000022b0        0xe ./libraries/MaxBotix/MaxBotix.o
 .text._GLOBAL__I_AccelGyro
                0x000022be        0x8 ./libraries/MPU6050/MPU6050.o
 .text._ZN13LowPassFilterD1Ev
                0x000022c6       0x18 ./libraries/LowPassFilter/LowPassFilter.o
                0x000022c6                LowPassFilter::~LowPassFilter()
 .text._ZN13LowPassFilterD0Ev
                0x000022de       0x26 ./libraries/LowPassFilter/LowPassFilter.o
                0x000022de                LowPassFilter::~LowPassFilter()
 .text._ZN13LowPassFilterC1Eh
                0x00002304       0x5c ./libraries/LowPassFilter/LowPassFilter.o
                0x00002304                LowPassFilter::LowPassFilter(unsigned char)
 .text._GLOBAL__I_Compass
                0x00002360        0x8 ./libraries/HMC5883L/HMC5883L.o
 .text._Z41__static_initialization_and_destruction_0ii
                0x00002368       0x2c ./libraries/FlightControl/FlightControl.o
 .text._GLOBAL__D_pointerToObj
                0x00002394        0xe ./libraries/FlightControl/FlightControl.o
 .text._GLOBAL__I_pointerToObj
                0x000023a2        0xe ./libraries/FlightControl/FlightControl.o
 .text._Z10onXmitDone15radio_tx_done_t
                0x000023b0       0x36 ./main.o
                0x000023b0                onXmitDone(radio_tx_done_t)
 .text._Z9errHandle13radio_error_t
                0x000023e6       0x36 ./main.o
                0x000023e6                errHandle(radio_error_t)
 .text._Z7rangingv
                0x0000241c       0x6a ./main.o
                0x0000241c                ranging()
 .text._Z10executePktv
                0x00002486       0x30 ./main.o
                0x00002486                executePkt()
 .text.loop     0x000024b6       0x9e ./main.o
                0x000024b6                loop
 .text.setup    0x00002554       0x50 ./main.o
                0x00002554                setup
 .text.main     0x000025a4       0x1e ./main.o
                0x000025a4                main
 .text.avr-libc
                0x000025c2      0x20a /usr/local/CrossPack-AVR-20100115/lib/gcc/avr/4.3.3/../../../../avr/lib/avr51/libc.a(malloc.o)
                0x000025c2                malloc
                0x0000271c                free
 .text.avr-libc
                0x000027cc        0x6 /usr/local/CrossPack-AVR-20100115/lib/gcc/avr/4.3.3/../../../../avr/lib/avr51/libc.a(exit.o)
                0x000027cc                exit
 .text.avr-libc
                0x000027d2       0x12 /usr/local/CrossPack-AVR-20100115/lib/gcc/avr/4.3.3/../../../../avr/lib/avr51/libc.a(memcpy.o)
                0x000027d2                memcpy
 .text.libgcc   0x000027e4       0x3e /usr/local/CrossPack-AVR-20100115/lib/gcc/avr/4.3.3/avr51/libgcc.a(_mulsi3.o)
                0x000027e4                __mulsi3
 .text.libgcc   0x00002822       0x28 /usr/local/CrossPack-AVR-20100115/lib/gcc/avr/4.3.3/avr51/libgcc.a(_udivmodhi4.o)
                0x00002822                __udivmodhi4
 .text.libgcc   0x0000284a       0x26 /usr/local/CrossPack-AVR-20100115/lib/gcc/avr/4.3.3/avr51/libgcc.a(_divmodhi4.o)
                0x0000284a                __divmodhi4
                0x0000284a                _div
 .text.libgcc   0x00002870       0x44 /usr/local/CrossPack-AVR-20100115/lib/gcc/avr/4.3.3/avr51/libgcc.a(_udivmodsi4.o)
                0x00002870                __udivmodsi4
 .text.libgcc   0x000028b4        0xc /usr/local/CrossPack-AVR-20100115/lib/gcc/avr/4.3.3/avr51/libgcc.a(_tablejump.o)
                0x000028b8                __tablejump__
                0x000028b4                __tablejump2__
                0x000028c0                . = ALIGN (0x2)
 *(.fini9)
 .fini9         0x000028c0        0x0 /usr/local/CrossPack-AVR-20100115/lib/gcc/avr/4.3.3/avr51/libgcc.a(_exit.o)
                0x000028c0                _exit
 *(.fini9)
 *(.fini8)
 *(.fini8)
 *(.fini7)
 *(.fini7)
 *(.fini6)
 .fini6         0x000028c0       0x16 /usr/local/CrossPack-AVR-20100115/lib/gcc/avr/4.3.3/avr51/libgcc.a(_dtors.o)
                0x000028c0                __do_global_dtors
 *(.fini6)
 *(.fini5)
 *(.fini5)
 *(.fini4)
 *(.fini4)
 *(.fini3)
 *(.fini3)
 *(.fini2)
 *(.fini2)
 *(.fini1)
 *(.fini1)
 *(.fini0)
 .fini0         0x000028d6        0x4 /usr/local/CrossPack-AVR-20100115/lib/gcc/avr/4.3.3/avr51/libgcc.a(_exit.o)
 *(.fini0)
                0x000028da                _etext = .

.data           0x00800200       0x54 load address 0x000028da
                0x00800200                PROVIDE (__data_start, .)
 *(.data)
 .data          0x00800200       0x11 ./main.o
 .data          0x00800211        0x6 /usr/local/CrossPack-AVR-20100115/lib/gcc/avr/4.3.3/../../../../avr/lib/avr51/libc.a(malloc.o)
                0x00800213                __malloc_heap_start
                0x00800215                __malloc_heap_end
                0x00800211                __malloc_margin
 *(.data*)
 .data._ZL9tone_pins
                0x00800217        0x6 ./libraries/zigduino/Tone.o
 *(.rodata)
 *(.rodata*)
 .rodata._ZTV14HardwareSerial
                0x0080021d       0x10 ./libraries/zigduino/HardwareSerial.o
                0x0080021d                vtable for HardwareSerial
 .rodata._ZTV9IPAddress
                0x0080022d        0x6 ./libraries/zigduino/IPAddress.o
                0x0080022d                vtable for IPAddress
 .rodata._ZTV7TwoWire
                0x00800233       0x10 ./libraries/Wire/Wire.o
                0x00800233                vtable for TwoWire
 .rodata._ZTV8MaxBotix
                0x00800243        0x8 ./libraries/MaxBotix/MaxBotix.o
                0x00800243                vtable for MaxBotix
 .rodata._ZTV13LowPassFilter
                0x0080024b        0x8 ./libraries/LowPassFilter/LowPassFilter.o
                0x0080024b                vtable for LowPassFilter
 *(.gnu.linkonce.d*)
                0x00800254                . = ALIGN (0x2)
 *fill*         0x00800253        0x1 00
                0x00800254                _edata = .
                0x00800254                PROVIDE (__data_end, .)

.bss            0x00800254      0x45f
                0x00800254                PROVIDE (__bss_start, .)
 *(.bss)
 *(.bss*)
 .bss.rx_buffer
                0x00800254       0x44 ./libraries/zigduino/HardwareSerial.o
                0x00800254                rx_buffer
 .bss.tx_buffer
                0x00800298       0x44 ./libraries/zigduino/HardwareSerial.o
                0x00800298                tx_buffer
 .bss.rx_buffer1
                0x008002dc       0x44 ./libraries/zigduino/HardwareSerial.o
                0x008002dc                rx_buffer1
 .bss.tx_buffer1
                0x00800320       0x44 ./libraries/zigduino/HardwareSerial.o
                0x00800320                tx_buffer1
 .bss.Serial    0x00800364       0x1f ./libraries/zigduino/HardwareSerial.o
                0x00800364                Serial
 .bss.Serial1   0x00800383       0x1f ./libraries/zigduino/HardwareSerial.o
                0x00800383                Serial1
 .bss._ZL11INADDR_NONE
                0x008003a2        0x6 ./libraries/zigduino/IPAddress.o
 .bss.timer2_toggle_count
                0x008003a8        0x4 ./libraries/zigduino/Tone.o
                0x008003a8                timer2_toggle_count
 .bss.timer2_pin_port
                0x008003ac        0x2 ./libraries/zigduino/Tone.o
                0x008003ac                timer2_pin_port
 .bss.timer2_pin_mask
                0x008003ae        0x1 ./libraries/zigduino/Tone.o
                0x008003ae                timer2_pin_mask
 .bss.intFunc   0x008003af       0x10 ./libraries/zigduino/WInterrupts.o
 .bss.timer0_overflow_count
                0x008003bf        0x4 ./libraries/zigduino/wiring.o
                0x008003bf                timer0_overflow_count
 .bss.timer0_millis
                0x008003c3        0x4 ./libraries/zigduino/wiring.o
                0x008003c3                timer0_millis
 .bss.timer0_fract
                0x008003c7        0x1 ./libraries/zigduino/wiring.o
 .bss._ZN14cZigduinoRadio13rxFrameBufferE
                0x008003c8       0x7f ./libraries/ZigduinoRadio/ZigduinoRadio.o
                0x008003c8                cZigduinoRadio::rxFrameBuffer
 .bss._ZN14cZigduinoRadio12rxRingBufferE
                0x00800447       0x80 ./libraries/ZigduinoRadio/ZigduinoRadio.o
                0x00800447                cZigduinoRadio::rxRingBuffer
 .bss._ZN14cZigduinoRadio16rxRingBufferHeadE
                0x008004c7        0x1 ./libraries/ZigduinoRadio/ZigduinoRadio.o
                0x008004c7                cZigduinoRadio::rxRingBufferHead
 .bss._ZN14cZigduinoRadio16rxRingBufferTailE
                0x008004c8        0x1 ./libraries/ZigduinoRadio/ZigduinoRadio.o
                0x008004c8                cZigduinoRadio::rxRingBufferTail
 .bss._ZN14cZigduinoRadio11txTmpBufferE
                0x008004c9       0x7f ./libraries/ZigduinoRadio/ZigduinoRadio.o
                0x008004c9                cZigduinoRadio::txTmpBuffer
 .bss._ZN14cZigduinoRadio17txTmpBufferLengthE
                0x00800548        0x1 ./libraries/ZigduinoRadio/ZigduinoRadio.o
                0x00800548                cZigduinoRadio::txTmpBufferLength
 .bss._ZN14cZigduinoRadio7lastLqiE
                0x00800549        0x1 ./libraries/ZigduinoRadio/ZigduinoRadio.o
                0x00800549                cZigduinoRadio::lastLqi
 .bss._ZN14cZigduinoRadio18hasAttachedRxEventE
                0x0080054a        0x1 ./libraries/ZigduinoRadio/ZigduinoRadio.o
                0x0080054a                cZigduinoRadio::hasAttachedRxEvent
 .bss._ZN14cZigduinoRadio18hasAttachedTxEventE
                0x0080054b        0x1 ./libraries/ZigduinoRadio/ZigduinoRadio.o
                0x0080054b                cZigduinoRadio::hasAttachedTxEvent
 .bss._ZN14cZigduinoRadio21usedBeginTransmissionE
                0x0080054c        0x1 ./libraries/ZigduinoRadio/ZigduinoRadio.o
                0x0080054c                cZigduinoRadio::usedBeginTransmission
 .bss._ZN14cZigduinoRadio8txIsBusyE
                0x0080054d        0x1 ./libraries/ZigduinoRadio/ZigduinoRadio.o
                0x0080054d                cZigduinoRadio::txIsBusy
 .bss._ZN14cZigduinoRadio19zrEventReceiveFrameE
                0x0080054e        0x2 ./libraries/ZigduinoRadio/ZigduinoRadio.o
                0x0080054e                cZigduinoRadio::zrEventReceiveFrame
 .bss._ZN14cZigduinoRadio13zrEventTxDoneE
                0x00800550        0x2 ./libraries/ZigduinoRadio/ZigduinoRadio.o
                0x00800550                cZigduinoRadio::zrEventTxDone
 .bss.ZigduinoRadio
                0x00800552        0x1 ./libraries/ZigduinoRadio/ZigduinoRadio.o
                0x00800552                ZigduinoRadio
 .bss.user_radio_error
                0x00800553        0x2 ./libraries/ZigduinoRadio/ZigduinoRadioEvents.o
                0x00800553                user_radio_error
 .bss.user_radio_irq
                0x00800555        0x2 ./libraries/ZigduinoRadio/ZigduinoRadioEvents.o
                0x00800555                user_radio_irq
 .bss.user_radio_receive_frame
                0x00800557        0x2 ./libraries/ZigduinoRadio/ZigduinoRadioEvents.o
                0x00800557                user_radio_receive_frame
 .bss.user_radio_tx_done
                0x00800559        0x2 ./libraries/ZigduinoRadio/ZigduinoRadioEvents.o
                0x00800559                user_radio_tx_done
 .bss.radiostatus
                0x0080055b        0x8 ./libraries/ZigduinoRadio/radio_rfa.o
 .bss.twi_state
                0x00800563        0x1 ./libraries/Wire/utility/twi.o
 .bss.twi_slarw
                0x00800564        0x1 ./libraries/Wire/utility/twi.o
 .bss.twi_onSlaveTransmit
                0x00800565        0x2 ./libraries/Wire/utility/twi.o
 .bss.twi_onSlaveReceive
                0x00800567        0x2 ./libraries/Wire/utility/twi.o
 .bss.twi_masterBuffer
                0x00800569       0x20 ./libraries/Wire/utility/twi.o
 .bss.twi_masterBufferIndex
                0x00800589        0x1 ./libraries/Wire/utility/twi.o
 .bss.twi_masterBufferLength
                0x0080058a        0x1 ./libraries/Wire/utility/twi.o
 .bss.twi_txBuffer
                0x0080058b       0x20 ./libraries/Wire/utility/twi.o
 .bss.twi_txBufferIndex
                0x008005ab        0x1 ./libraries/Wire/utility/twi.o
 .bss.twi_txBufferLength
                0x008005ac        0x1 ./libraries/Wire/utility/twi.o
 .bss.twi_rxBuffer
                0x008005ad       0x20 ./libraries/Wire/utility/twi.o
 .bss.twi_rxBufferIndex
                0x008005cd        0x1 ./libraries/Wire/utility/twi.o
 .bss.twi_error
                0x008005ce        0x1 ./libraries/Wire/utility/twi.o
 .bss._ZN7TwoWire8rxBufferE
                0x008005cf       0x20 ./libraries/Wire/Wire.o
                0x008005cf                TwoWire::rxBuffer
 .bss._ZN7TwoWire13rxBufferIndexE
                0x008005ef        0x1 ./libraries/Wire/Wire.o
                0x008005ef                TwoWire::rxBufferIndex
 .bss._ZN7TwoWire14rxBufferLengthE
                0x008005f0        0x1 ./libraries/Wire/Wire.o
                0x008005f0                TwoWire::rxBufferLength
 .bss._ZN7TwoWire8txBufferE
                0x008005f1       0x20 ./libraries/Wire/Wire.o
                0x008005f1                TwoWire::txBuffer
 .bss._ZN7TwoWire13txBufferIndexE
                0x00800611        0x1 ./libraries/Wire/Wire.o
                0x00800611                TwoWire::txBufferIndex
 .bss._ZN7TwoWire14txBufferLengthE
                0x00800612        0x1 ./libraries/Wire/Wire.o
                0x00800612                TwoWire::txBufferLength
 .bss._ZN7TwoWire12transmittingE
                0x00800613        0x1 ./libraries/Wire/Wire.o
                0x00800613                TwoWire::transmitting
 .bss.Wire      0x00800614        0xc ./libraries/Wire/Wire.o
                0x00800614                Wire
 .bss.Timer1    0x00800620        0x6 ./libraries/Timers/TimerOne.o
                0x00800620                Timer1
 .bss.Timer3    0x00800626        0x4 ./libraries/Timers/TimerThree.o
                0x00800626                Timer3
 .bss._ZN14SoftwareSerial13active_objectE
                0x0080062a        0x2 ./libraries/SoftwareSerial/SoftwareSerial.o
                0x0080062a                SoftwareSerial::active_object
 .bss._ZN14SoftwareSerial15_receive_bufferE
                0x0080062c       0x40 ./libraries/SoftwareSerial/SoftwareSerial.o
                0x0080062c                SoftwareSerial::_receive_buffer
 .bss._ZN14SoftwareSerial20_receive_buffer_tailE
                0x0080066c        0x1 ./libraries/SoftwareSerial/SoftwareSerial.o
                0x0080066c                SoftwareSerial::_receive_buffer_tail
 .bss._ZN14SoftwareSerial20_receive_buffer_headE
                0x0080066d        0x1 ./libraries/SoftwareSerial/SoftwareSerial.o
                0x0080066d                SoftwareSerial::_receive_buffer_head
 .bss.AltSensor
                0x0080066e        0x2 ./libraries/MaxBotix/MaxBotix.o
                0x0080066e                AltSensor
 .bss.AccelGyro
                0x00800670        0xf ./libraries/MPU6050/MPU6050.o
                0x00800670                AccelGyro
 .bss.Compass   0x0080067f        0x8 ./libraries/HMC5883L/HMC5883L.o
                0x0080067f                Compass
 .bss.altLP     0x00800687        0xb ./libraries/FlightControl/FlightControl.o
                0x00800687                altLP
 .bss.blinkState
                0x00800692        0x1 ./main.o
                0x00800692                blinkState
 .bss.pktRx     0x00800693        0xd ./main.o
                0x00800693                pktRx
 .bss.pktTx     0x008006a0        0xd ./main.o
                0x008006a0                pktTx
 .bss.aveRssi   0x008006ad        0x1 ./main.o
                0x008006ad                aveRssi
 *(COMMON)
 COMMON         0x008006ae        0x1 ./libraries/ZigduinoRadio/radio_rfa.o
                0x008006ae                temprssi
 COMMON         0x008006af        0x4 /usr/local/CrossPack-AVR-20100115/lib/gcc/avr/4.3.3/../../../../avr/lib/avr51/libc.a(malloc.o)
                0x008006af                __brkval
                0x008006b1                __flp
                0x008006b3                PROVIDE (__bss_end, .)
                0x000028da                __data_load_start = LOADADDR (.data)
                0x0000292e                __data_load_end = (__data_load_start + SIZEOF (.data))

.noinit         0x008006b3        0x0
                0x008006b3                PROVIDE (__noinit_start, .)
 *(.noinit*)
                0x008006b3                PROVIDE (__noinit_end, .)
                0x008006b3                _end = .
                0x008006b3                PROVIDE (__heap_start, .)

.eeprom         0x00810000        0x0
 *(.eeprom*)
                0x00810000                __eeprom_end = .

.fuse
 *(.fuse)
 *(.lfuse)
 *(.hfuse)
 *(.efuse)

.lock
 *(.lock*)

.signature
 *(.signature*)

.stab
 *(.stab)

.stabstr
 *(.stabstr)

.stab.excl
 *(.stab.excl)

.stab.exclstr
 *(.stab.exclstr)

.stab.index
 *(.stab.index)

.stab.indexstr
 *(.stab.indexstr)

.comment
 *(.comment)

.debug
 *(.debug)

.line
 *(.line)

.debug_srcinfo
 *(.debug_srcinfo)

.debug_sfnames
 *(.debug_sfnames)

.debug_aranges
 *(.debug_aranges)

.debug_pubnames
 *(.debug_pubnames)

.debug_info
 *(.debug_info)
 *(.gnu.linkonce.wi.*)

.debug_abbrev
 *(.debug_abbrev)

.debug_line
 *(.debug_line)

.debug_frame
 *(.debug_frame)

.debug_str
 *(.debug_str)

.debug_loc
 *(.debug_loc)

.debug_macinfo
 *(.debug_macinfo)
OUTPUT(basic_radio_anchor.elf elf32-avr)
LOAD linker stubs

.debug_ranges

Cross Reference Table

Symbol                                            File
AccelGyro                                         ./libraries/MPU6050/MPU6050.o
                                                  ./libraries/FlightControl/FlightControl.o
AltSensor                                         ./libraries/MaxBotix/MaxBotix.o
                                                  ./libraries/FlightControl/FlightControl.o
C_OQPSK1000_STR                                   ./libraries/ZigduinoRadio/trx_datarate_str.o
C_OQPSK2000_STR                                   ./libraries/ZigduinoRadio/trx_datarate_str.o
C_OQPSK250_STR                                    ./libraries/ZigduinoRadio/trx_datarate_str.o
C_OQPSK500_STR                                    ./libraries/ZigduinoRadio/trx_datarate_str.o
Comp6DOF_n0m1::Comp6DOF_n0m1()                    ./libraries/Comp6DOF/Comp6DOF_n0m1.o
Comp6DOF_n0m1::Comp6DOF_n0m1()                    ./libraries/Comp6DOF/Comp6DOF_n0m1.o
Comp6DOF_n0m1::atan2Int(int, int)                 ./libraries/Comp6DOF/Comp6DOF_n0m1.o
Comp6DOF_n0m1::atanInt(int, int)                  ./libraries/Comp6DOF/Comp6DOF_n0m1.o
Comp6DOF_n0m1::calOffsets()                       ./libraries/Comp6DOF/Comp6DOF_n0m1.o
Comp6DOF_n0m1::calSense(int*, int*, int*, int*, int*) ./libraries/Comp6DOF/Comp6DOF_n0m1.o
Comp6DOF_n0m1::compCompass(int, int, int, int, int, int, unsigned char) ./libraries/Comp6DOF/Comp6DOF_n0m1.o
Comp6DOF_n0m1::degToAngle(int)                    ./libraries/Comp6DOF/Comp6DOF_n0m1.o
Comp6DOF_n0m1::deviantSpread(int, int, int)       ./libraries/Comp6DOF/Comp6DOF_n0m1.o
Comp6DOF_n0m1::divInt(int, int)                   ./libraries/Comp6DOF/Comp6DOF_n0m1.o
Comp6DOF_n0m1::intSqrt(unsigned long)             ./libraries/Comp6DOF/Comp6DOF_n0m1.o
Comp6DOF_n0m1::linearEquationsSolving(int, float*, float*, float*) ./libraries/Comp6DOF/Comp6DOF_n0m1.o
Comp6DOF_n0m1::lowPassInt(int, int, int, int)     ./libraries/Comp6DOF/Comp6DOF_n0m1.o
Comp6DOF_n0m1::sinInt(unsigned int)               ./libraries/Comp6DOF/Comp6DOF_n0m1.o
Compass                                           ./libraries/HMC5883L/HMC5883L.o
                                                  ./libraries/FlightControl/FlightControl.o
FlightControl1                                    ./libraries/FlightControl/FlightControl.o
FlightControl::calibrateAccZ()                    ./libraries/FlightControl/FlightControl.o
FlightControl::calibrateGyro()                    ./libraries/FlightControl/FlightControl.o
FlightControl::enableAltPID(bool)                 ./libraries/FlightControl/FlightControl.o
FlightControl::enableYawPID(bool)                 ./libraries/FlightControl/FlightControl.o
FlightControl::executeFlightPlan()                ./libraries/FlightControl/FlightControl.o
FlightControl::flightPlan()                       ./libraries/FlightControl/FlightControl.o
FlightControl::forward(bool)                      ./libraries/FlightControl/FlightControl.o
FlightControl::hover()                            ./libraries/FlightControl/FlightControl.o
FlightControl::idle()                             ./libraries/FlightControl/FlightControl.o
FlightControl::initialize()                       ./libraries/FlightControl/FlightControl.o
FlightControl::land()                             ./libraries/FlightControl/FlightControl.o
FlightControl::mainLoop()                         ./libraries/FlightControl/FlightControl.o
FlightControl::setBottomRotorDuty(unsigned int)   ./libraries/FlightControl/FlightControl.o
FlightControl::setTopRotorDuty(unsigned int)      ./libraries/FlightControl/FlightControl.o
FlightControl::takeOff()                          ./libraries/FlightControl/FlightControl.o
FlightControl::turn(int)                          ./libraries/FlightControl/FlightControl.o
HMC5883L::HMC5883L()                              ./libraries/HMC5883L/HMC5883L.o
HMC5883L::HMC5883L()                              ./libraries/HMC5883L/HMC5883L.o
HMC5883L::HMC5883L(unsigned char)                 ./libraries/HMC5883L/HMC5883L.o
HMC5883L::HMC5883L(unsigned char)                 ./libraries/HMC5883L/HMC5883L.o
HMC5883L::getDataRate()                           ./libraries/HMC5883L/HMC5883L.o
HMC5883L::getGain()                               ./libraries/HMC5883L/HMC5883L.o
HMC5883L::getHeading(int*, int*, int*)            ./libraries/HMC5883L/HMC5883L.o
HMC5883L::getHeadingX()                           ./libraries/HMC5883L/HMC5883L.o
HMC5883L::getHeadingY()                           ./libraries/HMC5883L/HMC5883L.o
HMC5883L::getHeadingZ()                           ./libraries/HMC5883L/HMC5883L.o
HMC5883L::getIDA()                                ./libraries/HMC5883L/HMC5883L.o
HMC5883L::getIDB()                                ./libraries/HMC5883L/HMC5883L.o
HMC5883L::getIDC()                                ./libraries/HMC5883L/HMC5883L.o
HMC5883L::getLockStatus()                         ./libraries/HMC5883L/HMC5883L.o
HMC5883L::getMeasurementBias()                    ./libraries/HMC5883L/HMC5883L.o
HMC5883L::getMode()                               ./libraries/HMC5883L/HMC5883L.o
HMC5883L::getReadyStatus()                        ./libraries/HMC5883L/HMC5883L.o
HMC5883L::getSampleAveraging()                    ./libraries/HMC5883L/HMC5883L.o
HMC5883L::initialize()                            ./libraries/HMC5883L/HMC5883L.o
HMC5883L::setDataRate(unsigned char)              ./libraries/HMC5883L/HMC5883L.o
HMC5883L::setGain(unsigned char)                  ./libraries/HMC5883L/HMC5883L.o
HMC5883L::setMeasurementBias(unsigned char)       ./libraries/HMC5883L/HMC5883L.o
HMC5883L::setMode(unsigned char)                  ./libraries/HMC5883L/HMC5883L.o
HMC5883L::setSampleAveraging(unsigned char)       ./libraries/HMC5883L/HMC5883L.o
HMC5883L::testConnection()                        ./libraries/HMC5883L/HMC5883L.o
                                                  ./libraries/FlightControl/FlightControl.o
HardwareSerial::HardwareSerial(ring_buffer*, ring_buffer*, unsigned char volatile*, unsigned char volatile*, unsigned char volatile*, unsigned char volatile*, unsigned char volatile*, unsigned char, unsigned char, unsigned char, unsigned char, unsigned char) ./libraries/zigduino/HardwareSerial.o
HardwareSerial::HardwareSerial(ring_buffer*, ring_buffer*, unsigned char volatile*, unsigned char volatile*, unsigned char volatile*, unsigned char volatile*, unsigned char volatile*, unsigned char, unsigned char, unsigned char, unsigned char, unsigned char) ./libraries/zigduino/HardwareSerial.o
HardwareSerial::available()                       ./libraries/zigduino/HardwareSerial.o
HardwareSerial::begin(unsigned long)              ./libraries/zigduino/HardwareSerial.o
                                                  ./main.o
HardwareSerial::end()                             ./libraries/zigduino/HardwareSerial.o
HardwareSerial::flush()                           ./libraries/zigduino/HardwareSerial.o
HardwareSerial::peek()                            ./libraries/zigduino/HardwareSerial.o
HardwareSerial::read()                            ./libraries/zigduino/HardwareSerial.o
HardwareSerial::write(unsigned char)              ./libraries/zigduino/HardwareSerial.o
I2Cdev::I2Cdev()                                  ./libraries/I2Cdev/I2Cdev.o
I2Cdev::I2Cdev()                                  ./libraries/I2Cdev/I2Cdev.o
I2Cdev::readBit(unsigned char, unsigned char, unsigned char, unsigned char*, unsigned int) ./libraries/I2Cdev/I2Cdev.o
                                                  ./libraries/HMC5883L/HMC5883L.o
                                                  ./libraries/MPU6050/MPU6050.o
I2Cdev::readBitW(unsigned char, unsigned char, unsigned char, unsigned int*, unsigned int) ./libraries/I2Cdev/I2Cdev.o
I2Cdev::readBits(unsigned char, unsigned char, unsigned char, unsigned char, unsigned char*, unsigned int) ./libraries/I2Cdev/I2Cdev.o
                                                  ./libraries/HMC5883L/HMC5883L.o
                                                  ./libraries/MPU6050/MPU6050.o
I2Cdev::readBitsW(unsigned char, unsigned char, unsigned char, unsigned char, unsigned int*, unsigned int) ./libraries/I2Cdev/I2Cdev.o
I2Cdev::readByte(unsigned char, unsigned char, unsigned char*, unsigned int) ./libraries/I2Cdev/I2Cdev.o
                                                  ./libraries/HMC5883L/HMC5883L.o
                                                  ./libraries/MPU6050/MPU6050.o
I2Cdev::readBytes(unsigned char, unsigned char, unsigned char, unsigned char*, unsigned int) ./libraries/I2Cdev/I2Cdev.o
                                                  ./libraries/HMC5883L/HMC5883L.o
                                                  ./libraries/MPU6050/MPU6050.o
I2Cdev::readTimeout                               ./libraries/I2Cdev/I2Cdev.o
                                                  ./libraries/HMC5883L/HMC5883L.o
                                                  ./libraries/MPU6050/MPU6050.o
I2Cdev::readWord(unsigned char, unsigned char, unsigned int*, unsigned int) ./libraries/I2Cdev/I2Cdev.o
I2Cdev::readWords(unsigned char, unsigned char, unsigned char, unsigned int*, unsigned int) ./libraries/I2Cdev/I2Cdev.o
I2Cdev::writeBit(unsigned char, unsigned char, unsigned char, unsigned char) ./libraries/I2Cdev/I2Cdev.o
                                                  ./libraries/MPU6050/MPU6050.o
I2Cdev::writeBitW(unsigned char, unsigned char, unsigned char, unsigned int) ./libraries/I2Cdev/I2Cdev.o
I2Cdev::writeBits(unsigned char, unsigned char, unsigned char, unsigned char, unsigned char) ./libraries/I2Cdev/I2Cdev.o
                                                  ./libraries/HMC5883L/HMC5883L.o
                                                  ./libraries/MPU6050/MPU6050.o
I2Cdev::writeBitsW(unsigned char, unsigned char, unsigned char, unsigned char, unsigned int) ./libraries/I2Cdev/I2Cdev.o
I2Cdev::writeByte(unsigned char, unsigned char, unsigned char) ./libraries/I2Cdev/I2Cdev.o
                                                  ./libraries/HMC5883L/HMC5883L.o
                                                  ./libraries/MPU6050/MPU6050.o
I2Cdev::writeBytes(unsigned char, unsigned char, unsigned char, unsigned char*) ./libraries/I2Cdev/I2Cdev.o
                                                  ./libraries/MPU6050/MPU6050.o
I2Cdev::writeWord(unsigned char, unsigned char, unsigned int) ./libraries/I2Cdev/I2Cdev.o
                                                  ./libraries/MPU6050/MPU6050.o
I2Cdev::writeWords(unsigned char, unsigned char, unsigned char, unsigned int*) ./libraries/I2Cdev/I2Cdev.o
IPAddress::IPAddress()                            ./libraries/zigduino/IPAddress.o
IPAddress::IPAddress()                            ./libraries/zigduino/IPAddress.o
IPAddress::IPAddress(unsigned char const*)        ./libraries/zigduino/IPAddress.o
IPAddress::IPAddress(unsigned char const*)        ./libraries/zigduino/IPAddress.o
IPAddress::IPAddress(unsigned char, unsigned char, unsigned char, unsigned char) ./libraries/zigduino/IPAddress.o
IPAddress::IPAddress(unsigned char, unsigned char, unsigned char, unsigned char) ./libraries/zigduino/IPAddress.o
IPAddress::IPAddress(unsigned long)               ./libraries/zigduino/IPAddress.o
IPAddress::IPAddress(unsigned long)               ./libraries/zigduino/IPAddress.o
IPAddress::operator=(unsigned char const*)        ./libraries/zigduino/IPAddress.o
IPAddress::operator=(unsigned long)               ./libraries/zigduino/IPAddress.o
IPAddress::operator==(unsigned char const*)       ./libraries/zigduino/IPAddress.o
IPAddress::printTo(Print&) const                  ./libraries/zigduino/IPAddress.o
LowPassFilter::LowPassFilter(unsigned char)       ./libraries/LowPassFilter/LowPassFilter.o
                                                  ./libraries/FlightControl/FlightControl.o
LowPassFilter::LowPassFilter(unsigned char)       ./libraries/LowPassFilter/LowPassFilter.o
LowPassFilter::filter(long)                       ./libraries/LowPassFilter/LowPassFilter.o
                                                  ./libraries/FlightControl/FlightControl.o
LowPassFilter::~LowPassFilter()                   ./libraries/LowPassFilter/LowPassFilter.o
                                                  ./libraries/FlightControl/FlightControl.o
LowPassFilter::~LowPassFilter()                   ./libraries/LowPassFilter/LowPassFilter.o
LowPassFilter::~LowPassFilter()                   ./libraries/LowPassFilter/LowPassFilter.o
MPU6050::MPU6050()                                ./libraries/MPU6050/MPU6050.o
MPU6050::MPU6050()                                ./libraries/MPU6050/MPU6050.o
MPU6050::MPU6050(unsigned char)                   ./libraries/MPU6050/MPU6050.o
MPU6050::MPU6050(unsigned char)                   ./libraries/MPU6050/MPU6050.o
MPU6050::getAccelFIFOEnabled()                    ./libraries/MPU6050/MPU6050.o
MPU6050::getAccelXSelfTest()                      ./libraries/MPU6050/MPU6050.o
MPU6050::getAccelYSelfTest()                      ./libraries/MPU6050/MPU6050.o
MPU6050::getAccelZSelfTest()                      ./libraries/MPU6050/MPU6050.o
MPU6050::getAcceleration(int*, int*, int*)        ./libraries/MPU6050/MPU6050.o
MPU6050::getAccelerationX()                       ./libraries/MPU6050/MPU6050.o
MPU6050::getAccelerationY()                       ./libraries/MPU6050/MPU6050.o
MPU6050::getAccelerationZ()                       ./libraries/MPU6050/MPU6050.o
                                                  ./libraries/FlightControl/FlightControl.o
MPU6050::getAccelerometerPowerOnDelay()           ./libraries/MPU6050/MPU6050.o
MPU6050::getAuxVDDIOLevel()                       ./libraries/MPU6050/MPU6050.o
MPU6050::getClockOutputEnabled()                  ./libraries/MPU6050/MPU6050.o
MPU6050::getClockSource()                         ./libraries/MPU6050/MPU6050.o
MPU6050::getDHPFMode()                            ./libraries/MPU6050/MPU6050.o
MPU6050::getDLPFMode()                            ./libraries/MPU6050/MPU6050.o
MPU6050::getDMPConfig1()                          ./libraries/MPU6050/MPU6050.o
MPU6050::getDMPConfig2()                          ./libraries/MPU6050/MPU6050.o
MPU6050::getDMPEnabled()                          ./libraries/MPU6050/MPU6050.o
MPU6050::getDMPInt0Status()                       ./libraries/MPU6050/MPU6050.o
MPU6050::getDMPInt1Status()                       ./libraries/MPU6050/MPU6050.o
MPU6050::getDMPInt2Status()                       ./libraries/MPU6050/MPU6050.o
MPU6050::getDMPInt3Status()                       ./libraries/MPU6050/MPU6050.o
MPU6050::getDMPInt4Status()                       ./libraries/MPU6050/MPU6050.o
MPU6050::getDMPInt5Status()                       ./libraries/MPU6050/MPU6050.o
MPU6050::getDeviceID()                            ./libraries/MPU6050/MPU6050.o
MPU6050::getExternalFrameSync()                   ./libraries/MPU6050/MPU6050.o
MPU6050::getExternalSensorByte(int)               ./libraries/MPU6050/MPU6050.o
MPU6050::getExternalSensorDWord(int)              ./libraries/MPU6050/MPU6050.o
MPU6050::getExternalSensorWord(int)               ./libraries/MPU6050/MPU6050.o
MPU6050::getExternalShadowDelayEnabled()          ./libraries/MPU6050/MPU6050.o
MPU6050::getFIFOByte()                            ./libraries/MPU6050/MPU6050.o
MPU6050::getFIFOCount()                           ./libraries/MPU6050/MPU6050.o
MPU6050::getFIFOEnabled()                         ./libraries/MPU6050/MPU6050.o
MPU6050::getFSyncInterruptEnabled()               ./libraries/MPU6050/MPU6050.o
MPU6050::getFSyncInterruptLevel()                 ./libraries/MPU6050/MPU6050.o
MPU6050::getFreefallDetectionCounterDecrement()   ./libraries/MPU6050/MPU6050.o
MPU6050::getFreefallDetectionDuration()           ./libraries/MPU6050/MPU6050.o
MPU6050::getFreefallDetectionThreshold()          ./libraries/MPU6050/MPU6050.o
MPU6050::getFullScaleAccelRange()                 ./libraries/MPU6050/MPU6050.o
MPU6050::getFullScaleGyroRange()                  ./libraries/MPU6050/MPU6050.o
MPU6050::getI2CBypassEnabled()                    ./libraries/MPU6050/MPU6050.o
MPU6050::getI2CMasterModeEnabled()                ./libraries/MPU6050/MPU6050.o
MPU6050::getIntDMPEnabled()                       ./libraries/MPU6050/MPU6050.o
MPU6050::getIntDMPStatus()                        ./libraries/MPU6050/MPU6050.o
MPU6050::getIntDataReadyEnabled()                 ./libraries/MPU6050/MPU6050.o
MPU6050::getIntDataReadyStatus()                  ./libraries/MPU6050/MPU6050.o
MPU6050::getIntFIFOBufferOverflowEnabled()        ./libraries/MPU6050/MPU6050.o
MPU6050::getIntFIFOBufferOverflowStatus()         ./libraries/MPU6050/MPU6050.o
MPU6050::getIntFreefallEnabled()                  ./libraries/MPU6050/MPU6050.o
MPU6050::getIntFreefallStatus()                   ./libraries/MPU6050/MPU6050.o
MPU6050::getIntI2CMasterEnabled()                 ./libraries/MPU6050/MPU6050.o
MPU6050::getIntI2CMasterStatus()                  ./libraries/MPU6050/MPU6050.o
MPU6050::getIntMotionEnabled()                    ./libraries/MPU6050/MPU6050.o
MPU6050::getIntMotionStatus()                     ./libraries/MPU6050/MPU6050.o
MPU6050::getIntPLLReadyEnabled()                  ./libraries/MPU6050/MPU6050.o
MPU6050::getIntPLLReadyStatus()                   ./libraries/MPU6050/MPU6050.o
MPU6050::getIntZeroMotionEnabled()                ./libraries/MPU6050/MPU6050.o
MPU6050::getIntZeroMotionStatus()                 ./libraries/MPU6050/MPU6050.o
MPU6050::getInterruptDrive()                      ./libraries/MPU6050/MPU6050.o
MPU6050::getInterruptLatch()                      ./libraries/MPU6050/MPU6050.o
MPU6050::getInterruptLatchClear()                 ./libraries/MPU6050/MPU6050.o
MPU6050::getInterruptMode()                       ./libraries/MPU6050/MPU6050.o
MPU6050::getLostArbitration()                     ./libraries/MPU6050/MPU6050.o
MPU6050::getMasterClockSpeed()                    ./libraries/MPU6050/MPU6050.o
MPU6050::getMotion6(int*, int*, int*, int*, int*, int*) ./libraries/MPU6050/MPU6050.o
MPU6050::getMotion9(int*, int*, int*, int*, int*, int*, int*, int*, int*) ./libraries/MPU6050/MPU6050.o
MPU6050::getMotionDetectionCounterDecrement()     ./libraries/MPU6050/MPU6050.o
MPU6050::getMotionDetectionDuration()             ./libraries/MPU6050/MPU6050.o
MPU6050::getMotionDetectionThreshold()            ./libraries/MPU6050/MPU6050.o
MPU6050::getMultiMasterEnabled()                  ./libraries/MPU6050/MPU6050.o
MPU6050::getPassthroughStatus()                   ./libraries/MPU6050/MPU6050.o
MPU6050::getRate()                                ./libraries/MPU6050/MPU6050.o
MPU6050::getRotation(int*, int*, int*)            ./libraries/MPU6050/MPU6050.o
MPU6050::getRotationX()                           ./libraries/MPU6050/MPU6050.o
MPU6050::getRotationY()                           ./libraries/MPU6050/MPU6050.o
MPU6050::getRotationZ()                           ./libraries/MPU6050/MPU6050.o
                                                  ./libraries/FlightControl/FlightControl.o
MPU6050::getSlate4InputByte()                     ./libraries/MPU6050/MPU6050.o
MPU6050::getSlave0FIFOEnabled()                   ./libraries/MPU6050/MPU6050.o
MPU6050::getSlave0Nack()                          ./libraries/MPU6050/MPU6050.o
MPU6050::getSlave1FIFOEnabled()                   ./libraries/MPU6050/MPU6050.o
MPU6050::getSlave1Nack()                          ./libraries/MPU6050/MPU6050.o
MPU6050::getSlave2FIFOEnabled()                   ./libraries/MPU6050/MPU6050.o
MPU6050::getSlave2Nack()                          ./libraries/MPU6050/MPU6050.o
MPU6050::getSlave3FIFOEnabled()                   ./libraries/MPU6050/MPU6050.o
MPU6050::getSlave3Nack()                          ./libraries/MPU6050/MPU6050.o
MPU6050::getSlave4Address()                       ./libraries/MPU6050/MPU6050.o
MPU6050::getSlave4Enabled()                       ./libraries/MPU6050/MPU6050.o
MPU6050::getSlave4InterruptEnabled()              ./libraries/MPU6050/MPU6050.o
MPU6050::getSlave4IsDone()                        ./libraries/MPU6050/MPU6050.o
MPU6050::getSlave4MasterDelay()                   ./libraries/MPU6050/MPU6050.o
MPU6050::getSlave4Nack()                          ./libraries/MPU6050/MPU6050.o
MPU6050::getSlave4Register()                      ./libraries/MPU6050/MPU6050.o
MPU6050::getSlave4WriteMode()                     ./libraries/MPU6050/MPU6050.o
MPU6050::getSlaveAddress(unsigned char)           ./libraries/MPU6050/MPU6050.o
MPU6050::getSlaveDataLength(unsigned char)        ./libraries/MPU6050/MPU6050.o
MPU6050::getSlaveDelayEnabled(unsigned char)      ./libraries/MPU6050/MPU6050.o
MPU6050::getSlaveEnabled(unsigned char)           ./libraries/MPU6050/MPU6050.o
MPU6050::getSlaveReadWriteTransitionEnabled()     ./libraries/MPU6050/MPU6050.o
MPU6050::getSlaveRegister(unsigned char)          ./libraries/MPU6050/MPU6050.o
MPU6050::getSlaveWordByteSwap(unsigned char)      ./libraries/MPU6050/MPU6050.o
MPU6050::getSlaveWordGroupOffset(unsigned char)   ./libraries/MPU6050/MPU6050.o
MPU6050::getSlaveWriteMode(unsigned char)         ./libraries/MPU6050/MPU6050.o
MPU6050::getSleepEnabled()                        ./libraries/MPU6050/MPU6050.o
MPU6050::getStandbyXAccelEnabled()                ./libraries/MPU6050/MPU6050.o
MPU6050::getStandbyXGyroEnabled()                 ./libraries/MPU6050/MPU6050.o
MPU6050::getStandbyYAccelEnabled()                ./libraries/MPU6050/MPU6050.o
MPU6050::getStandbyYGyroEnabled()                 ./libraries/MPU6050/MPU6050.o
MPU6050::getStandbyZAccelEnabled()                ./libraries/MPU6050/MPU6050.o
MPU6050::getStandbyZGyroEnabled()                 ./libraries/MPU6050/MPU6050.o
MPU6050::getTempFIFOEnabled()                     ./libraries/MPU6050/MPU6050.o
MPU6050::getTempSensorEnabled()                   ./libraries/MPU6050/MPU6050.o
MPU6050::getTemperature()                         ./libraries/MPU6050/MPU6050.o
MPU6050::getWaitForExternalSensorEnabled()        ./libraries/MPU6050/MPU6050.o
MPU6050::getWakeCycleEnabled()                    ./libraries/MPU6050/MPU6050.o
MPU6050::getWakeFrequency()                       ./libraries/MPU6050/MPU6050.o
MPU6050::getXAccelOffset()                        ./libraries/MPU6050/MPU6050.o
MPU6050::getXFineGain()                           ./libraries/MPU6050/MPU6050.o
MPU6050::getXGyroFIFOEnabled()                    ./libraries/MPU6050/MPU6050.o
MPU6050::getXGyroOffset()                         ./libraries/MPU6050/MPU6050.o
MPU6050::getXGyroOffsetUser()                     ./libraries/MPU6050/MPU6050.o
MPU6050::getXNegMotionDetected()                  ./libraries/MPU6050/MPU6050.o
MPU6050::getXPosMotionDetected()                  ./libraries/MPU6050/MPU6050.o
MPU6050::getYAccelOffset()                        ./libraries/MPU6050/MPU6050.o
MPU6050::getYFineGain()                           ./libraries/MPU6050/MPU6050.o
MPU6050::getYGyroFIFOEnabled()                    ./libraries/MPU6050/MPU6050.o
MPU6050::getYGyroOffset()                         ./libraries/MPU6050/MPU6050.o
MPU6050::getYGyroOffsetUser()                     ./libraries/MPU6050/MPU6050.o
MPU6050::getYNegMotionDetected()                  ./libraries/MPU6050/MPU6050.o
MPU6050::getYPosMotionDetected()                  ./libraries/MPU6050/MPU6050.o
MPU6050::getZAccelOffset()                        ./libraries/MPU6050/MPU6050.o
MPU6050::getZFineGain()                           ./libraries/MPU6050/MPU6050.o
MPU6050::getZGyroFIFOEnabled()                    ./libraries/MPU6050/MPU6050.o
MPU6050::getZGyroOffset()                         ./libraries/MPU6050/MPU6050.o
MPU6050::getZGyroOffsetUser()                     ./libraries/MPU6050/MPU6050.o
MPU6050::getZNegMotionDetected()                  ./libraries/MPU6050/MPU6050.o
MPU6050::getZPosMotionDetected()                  ./libraries/MPU6050/MPU6050.o
MPU6050::getZeroMotionDetected()                  ./libraries/MPU6050/MPU6050.o
MPU6050::getZeroMotionDetectionDuration()         ./libraries/MPU6050/MPU6050.o
MPU6050::getZeroMotionDetectionThreshold()        ./libraries/MPU6050/MPU6050.o
MPU6050::initialize()                             ./libraries/MPU6050/MPU6050.o
                                                  ./libraries/FlightControl/FlightControl.o
MPU6050::readMemoryBlock(unsigned char*, unsigned int, unsigned char, unsigned char) ./libraries/MPU6050/MPU6050.o
MPU6050::readMemoryByte()                         ./libraries/MPU6050/MPU6050.o
MPU6050::reset()                                  ./libraries/MPU6050/MPU6050.o
MPU6050::resetAccelerometerPath()                 ./libraries/MPU6050/MPU6050.o
MPU6050::resetDMP()                               ./libraries/MPU6050/MPU6050.o
MPU6050::resetFIFO()                              ./libraries/MPU6050/MPU6050.o
MPU6050::resetGyroscopePath()                     ./libraries/MPU6050/MPU6050.o
MPU6050::resetI2CMaster()                         ./libraries/MPU6050/MPU6050.o
MPU6050::resetSensors()                           ./libraries/MPU6050/MPU6050.o
MPU6050::resetTemperaturePath()                   ./libraries/MPU6050/MPU6050.o
MPU6050::setAccelFIFOEnabled(bool)                ./libraries/MPU6050/MPU6050.o
MPU6050::setAccelXSelfTest(bool)                  ./libraries/MPU6050/MPU6050.o
MPU6050::setAccelYSelfTest(bool)                  ./libraries/MPU6050/MPU6050.o
MPU6050::setAccelZSelfTest(bool)                  ./libraries/MPU6050/MPU6050.o
MPU6050::setAccelerometerPowerOnDelay(unsigned char) ./libraries/MPU6050/MPU6050.o
MPU6050::setAuxVDDIOLevel(unsigned char)          ./libraries/MPU6050/MPU6050.o
MPU6050::setClockOutputEnabled(bool)              ./libraries/MPU6050/MPU6050.o
MPU6050::setClockSource(unsigned char)            ./libraries/MPU6050/MPU6050.o
MPU6050::setDHPFMode(unsigned char)               ./libraries/MPU6050/MPU6050.o
MPU6050::setDLPFMode(unsigned char)               ./libraries/MPU6050/MPU6050.o
                                                  ./libraries/FlightControl/FlightControl.o
MPU6050::setDMPConfig1(unsigned char)             ./libraries/MPU6050/MPU6050.o
MPU6050::setDMPConfig2(unsigned char)             ./libraries/MPU6050/MPU6050.o
MPU6050::setDMPEnabled(bool)                      ./libraries/MPU6050/MPU6050.o
MPU6050::setDeviceID(unsigned char)               ./libraries/MPU6050/MPU6050.o
MPU6050::setExternalFrameSync(unsigned char)      ./libraries/MPU6050/MPU6050.o
MPU6050::setExternalShadowDelayEnabled(bool)      ./libraries/MPU6050/MPU6050.o
MPU6050::setFIFOByte(unsigned char)               ./libraries/MPU6050/MPU6050.o
MPU6050::setFIFOEnabled(bool)                     ./libraries/MPU6050/MPU6050.o
MPU6050::setFSyncInterruptEnabled(bool)           ./libraries/MPU6050/MPU6050.o
MPU6050::setFSyncInterruptLevel(bool)             ./libraries/MPU6050/MPU6050.o
MPU6050::setFreefallDetectionCounterDecrement(unsigned char) ./libraries/MPU6050/MPU6050.o
MPU6050::setFreefallDetectionDuration(unsigned char) ./libraries/MPU6050/MPU6050.o
MPU6050::setFreefallDetectionThreshold(unsigned char) ./libraries/MPU6050/MPU6050.o
MPU6050::setFullScaleAccelRange(unsigned char)    ./libraries/MPU6050/MPU6050.o
                                                  ./libraries/FlightControl/FlightControl.o
MPU6050::setFullScaleGyroRange(unsigned char)     ./libraries/MPU6050/MPU6050.o
                                                  ./libraries/FlightControl/FlightControl.o
MPU6050::setI2CBypassEnabled(bool)                ./libraries/MPU6050/MPU6050.o
                                                  ./libraries/FlightControl/FlightControl.o
MPU6050::setI2CMasterModeEnabled(bool)            ./libraries/MPU6050/MPU6050.o
MPU6050::setIntDMPEnabled(bool)                   ./libraries/MPU6050/MPU6050.o
MPU6050::setIntDataReadyEnabled(bool)             ./libraries/MPU6050/MPU6050.o
MPU6050::setIntFIFOBufferOverflowEnabled(bool)    ./libraries/MPU6050/MPU6050.o
MPU6050::setIntFreefallEnabled(bool)              ./libraries/MPU6050/MPU6050.o
MPU6050::setIntI2CMasterEnabled(bool)             ./libraries/MPU6050/MPU6050.o
MPU6050::setIntMotionEnabled(bool)                ./libraries/MPU6050/MPU6050.o
MPU6050::setIntPLLReadyEnabled(bool)              ./libraries/MPU6050/MPU6050.o
MPU6050::setIntZeroMotionEnabled(bool)            ./libraries/MPU6050/MPU6050.o
MPU6050::setInterruptDrive(bool)                  ./libraries/MPU6050/MPU6050.o
MPU6050::setInterruptLatch(bool)                  ./libraries/MPU6050/MPU6050.o
MPU6050::setInterruptLatchClear(bool)             ./libraries/MPU6050/MPU6050.o
MPU6050::setInterruptMode(bool)                   ./libraries/MPU6050/MPU6050.o
MPU6050::setMasterClockSpeed(unsigned char)       ./libraries/MPU6050/MPU6050.o
MPU6050::setMemoryBank(unsigned char, bool, bool) ./libraries/MPU6050/MPU6050.o
MPU6050::setMemoryStartAddress(unsigned char)     ./libraries/MPU6050/MPU6050.o
MPU6050::setMotionDetectionCounterDecrement(unsigned char) ./libraries/MPU6050/MPU6050.o
MPU6050::setMotionDetectionDuration(unsigned char) ./libraries/MPU6050/MPU6050.o
MPU6050::setMotionDetectionThreshold(unsigned char) ./libraries/MPU6050/MPU6050.o
MPU6050::setMultiMasterEnabled(bool)              ./libraries/MPU6050/MPU6050.o
MPU6050::setRate(unsigned char)                   ./libraries/MPU6050/MPU6050.o
MPU6050::setSlave0FIFOEnabled(bool)               ./libraries/MPU6050/MPU6050.o
MPU6050::setSlave1FIFOEnabled(bool)               ./libraries/MPU6050/MPU6050.o
MPU6050::setSlave2FIFOEnabled(bool)               ./libraries/MPU6050/MPU6050.o
MPU6050::setSlave3FIFOEnabled(bool)               ./libraries/MPU6050/MPU6050.o
MPU6050::setSlave4Address(unsigned char)          ./libraries/MPU6050/MPU6050.o
MPU6050::setSlave4Enabled(bool)                   ./libraries/MPU6050/MPU6050.o
MPU6050::setSlave4InterruptEnabled(bool)          ./libraries/MPU6050/MPU6050.o
MPU6050::setSlave4MasterDelay(unsigned char)      ./libraries/MPU6050/MPU6050.o
MPU6050::setSlave4OutputByte(unsigned char)       ./libraries/MPU6050/MPU6050.o
MPU6050::setSlave4Register(unsigned char)         ./libraries/MPU6050/MPU6050.o
MPU6050::setSlave4WriteMode(bool)                 ./libraries/MPU6050/MPU6050.o
MPU6050::setSlaveAddress(unsigned char, unsigned char) ./libraries/MPU6050/MPU6050.o
MPU6050::setSlaveDataLength(unsigned char, unsigned char) ./libraries/MPU6050/MPU6050.o
MPU6050::setSlaveDelayEnabled(unsigned char, bool) ./libraries/MPU6050/MPU6050.o
MPU6050::setSlaveEnabled(unsigned char, bool)     ./libraries/MPU6050/MPU6050.o
MPU6050::setSlaveOutputByte(unsigned char, unsigned char) ./libraries/MPU6050/MPU6050.o
MPU6050::setSlaveReadWriteTransitionEnabled(bool) ./libraries/MPU6050/MPU6050.o
MPU6050::setSlaveRegister(unsigned char, unsigned char) ./libraries/MPU6050/MPU6050.o
MPU6050::setSlaveWordByteSwap(unsigned char, bool) ./libraries/MPU6050/MPU6050.o
MPU6050::setSlaveWordGroupOffset(unsigned char, bool) ./libraries/MPU6050/MPU6050.o
MPU6050::setSlaveWriteMode(unsigned char, bool)   ./libraries/MPU6050/MPU6050.o
MPU6050::setSleepEnabled(bool)                    ./libraries/MPU6050/MPU6050.o
MPU6050::setStandbyXAccelEnabled(bool)            ./libraries/MPU6050/MPU6050.o
MPU6050::setStandbyXGyroEnabled(bool)             ./libraries/MPU6050/MPU6050.o
MPU6050::setStandbyYAccelEnabled(bool)            ./libraries/MPU6050/MPU6050.o
MPU6050::setStandbyYGyroEnabled(bool)             ./libraries/MPU6050/MPU6050.o
MPU6050::setStandbyZAccelEnabled(bool)            ./libraries/MPU6050/MPU6050.o
MPU6050::setStandbyZGyroEnabled(bool)             ./libraries/MPU6050/MPU6050.o
MPU6050::setTempFIFOEnabled(bool)                 ./libraries/MPU6050/MPU6050.o
MPU6050::setTempSensorEnabled(bool)               ./libraries/MPU6050/MPU6050.o
MPU6050::setWaitForExternalSensorEnabled(bool)    ./libraries/MPU6050/MPU6050.o
MPU6050::setWakeCycleEnabled(bool)                ./libraries/MPU6050/MPU6050.o
MPU6050::setWakeFrequency(unsigned char)          ./libraries/MPU6050/MPU6050.o
MPU6050::setXAccelOffset(int)                     ./libraries/MPU6050/MPU6050.o
MPU6050::setXFineGain(signed char)                ./libraries/MPU6050/MPU6050.o
MPU6050::setXGyroFIFOEnabled(bool)                ./libraries/MPU6050/MPU6050.o
MPU6050::setXGyroOffset(signed char)              ./libraries/MPU6050/MPU6050.o
MPU6050::setXGyroOffsetUser(int)                  ./libraries/MPU6050/MPU6050.o
MPU6050::setYAccelOffset(int)                     ./libraries/MPU6050/MPU6050.o
MPU6050::setYFineGain(signed char)                ./libraries/MPU6050/MPU6050.o
MPU6050::setYGyroFIFOEnabled(bool)                ./libraries/MPU6050/MPU6050.o
MPU6050::setYGyroOffset(signed char)              ./libraries/MPU6050/MPU6050.o
MPU6050::setYGyroOffsetUser(int)                  ./libraries/MPU6050/MPU6050.o
MPU6050::setZAccelOffset(int)                     ./libraries/MPU6050/MPU6050.o
MPU6050::setZFineGain(signed char)                ./libraries/MPU6050/MPU6050.o
MPU6050::setZGyroFIFOEnabled(bool)                ./libraries/MPU6050/MPU6050.o
MPU6050::setZGyroOffset(signed char)              ./libraries/MPU6050/MPU6050.o
MPU6050::setZGyroOffsetUser(int)                  ./libraries/MPU6050/MPU6050.o
MPU6050::setZeroMotionDetectionDuration(unsigned char) ./libraries/MPU6050/MPU6050.o
MPU6050::setZeroMotionDetectionThreshold(unsigned char) ./libraries/MPU6050/MPU6050.o
MPU6050::switchSPIEnabled(bool)                   ./libraries/MPU6050/MPU6050.o
MPU6050::testConnection()                         ./libraries/MPU6050/MPU6050.o
                                                  ./libraries/FlightControl/FlightControl.o
MPU6050::writeMemoryBlock(unsigned char*, unsigned int, unsigned char, unsigned char, bool, bool) ./libraries/MPU6050/MPU6050.o
MPU6050::writeMemoryByte(unsigned char)           ./libraries/MPU6050/MPU6050.o
MPU6050::writeProgMemoryBlock(unsigned char*, unsigned int, unsigned char, unsigned char, bool) ./libraries/MPU6050/MPU6050.o
MaxBotix::MaxBotix()                              ./libraries/MaxBotix/MaxBotix.o
MaxBotix::MaxBotix()                              ./libraries/MaxBotix/MaxBotix.o
MaxBotix::value()                                 ./libraries/MaxBotix/MaxBotix.o
                                                  ./libraries/FlightControl/FlightControl.o
MaxBotix::~MaxBotix()                             ./libraries/MaxBotix/MaxBotix.o
MaxBotix::~MaxBotix()                             ./libraries/MaxBotix/MaxBotix.o
MaxBotix::~MaxBotix()                             ./libraries/MaxBotix/MaxBotix.o
PID::PID()                                        ./libraries/FlightControl/PID.o
PID::PID()                                        ./libraries/FlightControl/PID.o
PID::PID(float, float, float, float, float, float, float) ./libraries/FlightControl/PID.o
PID::PID(float, float, float, float, float, float, float) ./libraries/FlightControl/PID.o
                                                  ./libraries/FlightControl/FlightControl.o
PID::loop(float, float)                           ./libraries/FlightControl/PID.o
                                                  ./libraries/FlightControl/FlightControl.o
PID::reset()                                      ./libraries/FlightControl/PID.o
PID::~PID()                                       ./libraries/FlightControl/PID.o
PID::~PID()                                       ./libraries/FlightControl/PID.o
PID::~PID()                                       ./libraries/FlightControl/PID.o
Print::print(Printable const&)                    ./libraries/zigduino/Print.o
Print::print(String const&)                       ./libraries/zigduino/Print.o
Print::print(__FlashStringHelper const*)          ./libraries/zigduino/Print.o
Print::print(char const*)                         ./libraries/zigduino/Print.o
                                                  ./main.o
                                                  ./libraries/Comp6DOF/Comp6DOF_n0m1.o
                                                  ./libraries/MPU6050/MPU6050.o
Print::print(char)                                ./libraries/zigduino/Print.o
                                                  ./libraries/zigduino/IPAddress.o
Print::print(double, int)                         ./libraries/zigduino/Print.o
Print::print(int, int)                            ./libraries/zigduino/Print.o
                                                  ./libraries/Comp6DOF/Comp6DOF_n0m1.o
Print::print(long, int)                           ./libraries/zigduino/Print.o
Print::print(unsigned char, int)                  ./libraries/zigduino/Print.o
                                                  ./main.o
                                                  ./libraries/Comp6DOF/Comp6DOF_n0m1.o
                                                  ./libraries/MPU6050/MPU6050.o
                                                  ./libraries/zigduino/IPAddress.o
Print::print(unsigned int, int)                   ./libraries/zigduino/Print.o
                                                  ./libraries/Comp6DOF/Comp6DOF_n0m1.o
Print::print(unsigned long, int)                  ./libraries/zigduino/Print.o
Print::printFloat(double, unsigned char)          ./libraries/zigduino/Print.o
Print::printNumber(unsigned long, unsigned char)  ./libraries/zigduino/Print.o
Print::println()                                  ./libraries/zigduino/Print.o
                                                  ./main.o
Print::println(Printable const&)                  ./libraries/zigduino/Print.o
Print::println(String const&)                     ./libraries/zigduino/Print.o
Print::println(__FlashStringHelper const*)        ./libraries/zigduino/Print.o
Print::println(char const*)                       ./libraries/zigduino/Print.o
                                                  ./libraries/Comp6DOF/Comp6DOF_n0m1.o
                                                  ./libraries/FlightControl/FlightControl.o
Print::println(char)                              ./libraries/zigduino/Print.o
Print::println(double, int)                       ./libraries/zigduino/Print.o
Print::println(int, int)                          ./libraries/zigduino/Print.o
Print::println(long, int)                         ./libraries/zigduino/Print.o
Print::println(unsigned char, int)                ./libraries/zigduino/Print.o
                                                  ./libraries/Comp6DOF/Comp6DOF_n0m1.o
Print::println(unsigned int, int)                 ./libraries/zigduino/Print.o
Print::println(unsigned long, int)                ./libraries/zigduino/Print.o
Print::write(char const*)                         ./libraries/zigduino/Print.o
Print::write(unsigned char const*, unsigned int)  ./libraries/zigduino/Print.o
                                                  ./libraries/SoftwareSerial/SoftwareSerial.o
                                                  ./libraries/Wire/Wire.o
                                                  ./libraries/zigduino/HardwareSerial.o
Print::write(unsigned char)                       ./libraries/SoftwareSerial/SoftwareSerial.o
                                                  ./libraries/Wire/Wire.o
                                                  ./libraries/zigduino/HardwareSerial.o
RemoteCmd::RemoteCmd()                            ./libraries/Misc/RemoteCmd.o
RemoteCmd::RemoteCmd()                            ./libraries/Misc/RemoteCmd.o
RemoteCmd::decode(char, float)                    ./libraries/Misc/RemoteCmd.o
RemoteCmd::decode(unsigned char*)                 ./libraries/Misc/RemoteCmd.o
RemoteCmd::encode(unsigned char*)                 ./libraries/Misc/RemoteCmd.o
RemoteCmd::~RemoteCmd()                           ./libraries/Misc/RemoteCmd.o
RemoteCmd::~RemoteCmd()                           ./libraries/Misc/RemoteCmd.o
RemoteCmd::~RemoteCmd()                           ./libraries/Misc/RemoteCmd.o
SPI                                               ./libraries/SPI/SPI.o
SPIClass::begin()                                 ./libraries/SPI/SPI.o
SPIClass::end()                                   ./libraries/SPI/SPI.o
SPIClass::setBitOrder(unsigned char)              ./libraries/SPI/SPI.o
SPIClass::setClockDivider(unsigned char)          ./libraries/SPI/SPI.o
SPIClass::setDataMode(unsigned char)              ./libraries/SPI/SPI.o
Serial                                            ./libraries/zigduino/HardwareSerial.o
Serial1                                           ./libraries/zigduino/HardwareSerial.o
                                                  ./main.o
                                                  ./libraries/Comp6DOF/Comp6DOF_n0m1.o
                                                  ./libraries/FlightControl/FlightControl.o
                                                  ./libraries/MPU6050/MPU6050.o
SoftwareSerial::SoftwareSerial(unsigned char, unsigned char, bool) ./libraries/SoftwareSerial/SoftwareSerial.o
SoftwareSerial::SoftwareSerial(unsigned char, unsigned char, bool) ./libraries/SoftwareSerial/SoftwareSerial.o
SoftwareSerial::_receive_buffer                   ./libraries/SoftwareSerial/SoftwareSerial.o
SoftwareSerial::_receive_buffer_head              ./libraries/SoftwareSerial/SoftwareSerial.o
SoftwareSerial::_receive_buffer_tail              ./libraries/SoftwareSerial/SoftwareSerial.o
SoftwareSerial::active_object                     ./libraries/SoftwareSerial/SoftwareSerial.o
SoftwareSerial::available()                       ./libraries/SoftwareSerial/SoftwareSerial.o
SoftwareSerial::begin(long)                       ./libraries/SoftwareSerial/SoftwareSerial.o
SoftwareSerial::end()                             ./libraries/SoftwareSerial/SoftwareSerial.o
SoftwareSerial::flush()                           ./libraries/SoftwareSerial/SoftwareSerial.o
SoftwareSerial::handle_interrupt()                ./libraries/SoftwareSerial/SoftwareSerial.o
SoftwareSerial::listen()                          ./libraries/SoftwareSerial/SoftwareSerial.o
SoftwareSerial::peek()                            ./libraries/SoftwareSerial/SoftwareSerial.o
SoftwareSerial::read()                            ./libraries/SoftwareSerial/SoftwareSerial.o
SoftwareSerial::recv()                            ./libraries/SoftwareSerial/SoftwareSerial.o
SoftwareSerial::rx_pin_read()                     ./libraries/SoftwareSerial/SoftwareSerial.o
SoftwareSerial::setRX(unsigned char)              ./libraries/SoftwareSerial/SoftwareSerial.o
SoftwareSerial::setTX(unsigned char)              ./libraries/SoftwareSerial/SoftwareSerial.o
SoftwareSerial::tx_pin_write(unsigned char)       ./libraries/SoftwareSerial/SoftwareSerial.o
SoftwareSerial::write(unsigned char)              ./libraries/SoftwareSerial/SoftwareSerial.o
SoftwareSerial::~SoftwareSerial()                 ./libraries/SoftwareSerial/SoftwareSerial.o
SoftwareSerial::~SoftwareSerial()                 ./libraries/SoftwareSerial/SoftwareSerial.o
Stream::find(char*)                               ./libraries/zigduino/Stream.o
Stream::find(char*, unsigned int)                 ./libraries/zigduino/Stream.o
Stream::findUntil(char*, char*)                   ./libraries/zigduino/Stream.o
Stream::findUntil(char*, unsigned int, char*, unsigned int) ./libraries/zigduino/Stream.o
Stream::parseFloat()                              ./libraries/zigduino/Stream.o
Stream::parseFloat(char)                          ./libraries/zigduino/Stream.o
Stream::parseInt()                                ./libraries/zigduino/Stream.o
Stream::parseInt(char)                            ./libraries/zigduino/Stream.o
Stream::peekNextDigit()                           ./libraries/zigduino/Stream.o
Stream::readBytes(char*, unsigned int)            ./libraries/zigduino/Stream.o
Stream::readBytesUntil(char, char*, unsigned int) ./libraries/zigduino/Stream.o
Stream::setTimeout(unsigned long)                 ./libraries/zigduino/Stream.o
Stream::timedPeek()                               ./libraries/zigduino/Stream.o
Stream::timedRead()                               ./libraries/zigduino/Stream.o
String::String(String const&)                     ./libraries/zigduino/WString.o
String::String(String const&)                     ./libraries/zigduino/WString.o
String::String(char const*)                       ./libraries/zigduino/WString.o
String::String(char const*)                       ./libraries/zigduino/WString.o
String::String(char)                              ./libraries/zigduino/WString.o
String::String(char)                              ./libraries/zigduino/WString.o
String::String(int, unsigned char)                ./libraries/zigduino/WString.o
String::String(int, unsigned char)                ./libraries/zigduino/WString.o
String::String(long, unsigned char)               ./libraries/zigduino/WString.o
String::String(long, unsigned char)               ./libraries/zigduino/WString.o
String::String(unsigned char, unsigned char)      ./libraries/zigduino/WString.o
String::String(unsigned char, unsigned char)      ./libraries/zigduino/WString.o
String::String(unsigned int, unsigned char)       ./libraries/zigduino/WString.o
String::String(unsigned int, unsigned char)       ./libraries/zigduino/WString.o
String::String(unsigned long, unsigned char)      ./libraries/zigduino/WString.o
String::String(unsigned long, unsigned char)      ./libraries/zigduino/WString.o
String::changeBuffer(unsigned int)                ./libraries/zigduino/WString.o
String::charAt(unsigned int) const                ./libraries/zigduino/WString.o
String::compareTo(String const&) const            ./libraries/zigduino/WString.o
String::concat(String const&)                     ./libraries/zigduino/WString.o
String::concat(char const*)                       ./libraries/zigduino/WString.o
String::concat(char const*, unsigned int)         ./libraries/zigduino/WString.o
String::concat(char)                              ./libraries/zigduino/WString.o
String::concat(int)                               ./libraries/zigduino/WString.o
String::concat(long)                              ./libraries/zigduino/WString.o
String::concat(unsigned char)                     ./libraries/zigduino/WString.o
String::concat(unsigned int)                      ./libraries/zigduino/WString.o
String::concat(unsigned long)                     ./libraries/zigduino/WString.o
String::copy(char const*, unsigned int)           ./libraries/zigduino/WString.o
String::endsWith(String const&) const             ./libraries/zigduino/WString.o
String::equals(String const&) const               ./libraries/zigduino/WString.o
String::equals(char const*) const                 ./libraries/zigduino/WString.o
String::equalsIgnoreCase(String const&) const     ./libraries/zigduino/WString.o
String::getBytes(unsigned char*, unsigned int, unsigned int) const ./libraries/zigduino/WString.o
String::indexOf(String const&) const              ./libraries/zigduino/WString.o
String::indexOf(String const&, unsigned int) const ./libraries/zigduino/WString.o
String::indexOf(char) const                       ./libraries/zigduino/WString.o
String::indexOf(char, unsigned int) const         ./libraries/zigduino/WString.o
String::invalidate()                              ./libraries/zigduino/WString.o
String::lastIndexOf(String const&) const          ./libraries/zigduino/WString.o
String::lastIndexOf(String const&, unsigned int) const ./libraries/zigduino/WString.o
String::lastIndexOf(char) const                   ./libraries/zigduino/WString.o
String::lastIndexOf(char, unsigned int) const     ./libraries/zigduino/WString.o
String::operator<(String const&) const            ./libraries/zigduino/WString.o
String::operator<=(String const&) const           ./libraries/zigduino/WString.o
String::operator=(String const&)                  ./libraries/zigduino/WString.o
String::operator=(char const*)                    ./libraries/zigduino/WString.o
String::operator>(String const&) const            ./libraries/zigduino/WString.o
String::operator>=(String const&) const           ./libraries/zigduino/WString.o
String::operator[](unsigned int)                  ./libraries/zigduino/WString.o
String::operator[](unsigned int) const            ./libraries/zigduino/WString.o
                                                  ./libraries/zigduino/Print.o
String::replace(String const&, String const&)     ./libraries/zigduino/WString.o
String::replace(char, char)                       ./libraries/zigduino/WString.o
String::reserve(unsigned int)                     ./libraries/zigduino/WString.o
String::setCharAt(unsigned int, char)             ./libraries/zigduino/WString.o
String::startsWith(String const&) const           ./libraries/zigduino/WString.o
String::startsWith(String const&, unsigned int) const ./libraries/zigduino/WString.o
String::substring(unsigned int) const             ./libraries/zigduino/WString.o
String::substring(unsigned int, unsigned int) const ./libraries/zigduino/WString.o
String::toInt() const                             ./libraries/zigduino/WString.o
String::toLowerCase()                             ./libraries/zigduino/WString.o
String::toUpperCase()                             ./libraries/zigduino/WString.o
String::trim()                                    ./libraries/zigduino/WString.o
String::~String()                                 ./libraries/zigduino/WString.o
String::~String()                                 ./libraries/zigduino/WString.o
Timer1                                            ./libraries/Timers/TimerOne.o
                                                  ./libraries/FlightControl/FlightControl.o
Timer3                                            ./libraries/Timers/TimerThree.o
                                                  ./libraries/FlightControl/FlightControl.o
TimerOne::attachInterrupt(void (*)(), long)       ./libraries/Timers/TimerOne.o
TimerOne::detachInterrupt()                       ./libraries/Timers/TimerOne.o
TimerOne::disablePwm(char)                        ./libraries/Timers/TimerOne.o
TimerOne::initialize(long)                        ./libraries/Timers/TimerOne.o
                                                  ./libraries/FlightControl/FlightControl.o
TimerOne::pwm(char, int, long)                    ./libraries/Timers/TimerOne.o
                                                  ./libraries/FlightControl/FlightControl.o
TimerOne::read()                                  ./libraries/Timers/TimerOne.o
TimerOne::restart()                               ./libraries/Timers/TimerOne.o
TimerOne::resume()                                ./libraries/Timers/TimerOne.o
TimerOne::setPeriod(long)                         ./libraries/Timers/TimerOne.o
TimerOne::setPwmDuty(char, int)                   ./libraries/Timers/TimerOne.o
                                                  ./libraries/FlightControl/FlightControl.o